== GYNIUpper/L2/ChkCA_0.lean (start 02:05:40)
   RESULT GYNIUpper/L2/ChkCA_0.lean: exit=0 wall=3.4s peakWS=306MB peakPrivate=382MB (attempt 1)
== GYNIUpper/L2/ChkCA_1.lean (start 02:05:45)
   RESULT GYNIUpper/L2/ChkCA_1.lean: exit=0 wall=3.3s peakWS=59MB peakPrivate=379MB (attempt 1)
== GYNIUpper/L2/ChkCB_0.lean (start 02:05:50)
   RESULT GYNIUpper/L2/ChkCB_0.lean: exit=0 wall=3.3s peakWS=57MB peakPrivate=356MB (attempt 1)
== GYNIUpper/L2/ChkCB_1.lean (start 02:05:55)
   RESULT GYNIUpper/L2/ChkCB_1.lean: exit=0 wall=3.4s peakWS=57MB peakPrivate=356MB (attempt 1)
== GYNIUpper/L2/ChkCol00.lean (start 02:06:00)
   RESULT GYNIUpper/L2/ChkCol00.lean: exit=0 wall=2.8s peakWS=60MB peakPrivate=386MB (attempt 1)
== GYNIUpper/L2/ChkCol01.lean (start 02:06:05)
   RESULT GYNIUpper/L2/ChkCol01.lean: exit=0 wall=2.8s peakWS=61MB peakPrivate=405MB (attempt 1)
== GYNIUpper/L2/ChkCol10.lean (start 02:06:09)
   RESULT GYNIUpper/L2/ChkCol10.lean: exit=0 wall=2.7s peakWS=199MB peakPrivate=443MB (attempt 1)
== GYNIUpper/L2/ChkCol11.lean (start 02:06:14)
   RESULT GYNIUpper/L2/ChkCol11.lean: exit=0 wall=3.3s peakWS=57MB peakPrivate=356MB (attempt 1)
== GYNIUpper/L2/ChkRows00_0.lean (start 02:06:19)
   RESULT GYNIUpper/L2/ChkRows00_0.lean: exit=0 wall=4.0s peakWS=320MB peakPrivate=563MB (attempt 1)
== GYNIUpper/L2/ChkRows01_0.lean (start 02:06:25)
   RESULT GYNIUpper/L2/ChkRows01_0.lean: exit=0 wall=3.3s peakWS=317MB peakPrivate=564MB (attempt 1)
== GYNIUpper/L2/ChkRows10_0.lean (start 02:06:30)
   RESULT GYNIUpper/L2/ChkRows10_0.lean: exit=0 wall=3.4s peakWS=338MB peakPrivate=595MB (attempt 1)
== GYNIUpper/L2/ChkRows11_0.lean (start 02:06:35)
   RESULT GYNIUpper/L2/ChkRows11_0.lean: exit=0 wall=4.0s peakWS=378MB peakPrivate=594MB (attempt 1)
== GYNIUpper/L2/ChkSym00.lean (start 02:06:41)
   RESULT GYNIUpper/L2/ChkSym00.lean: exit=0 wall=3.4s peakWS=282MB peakPrivate=278MB (attempt 1)
== GYNIUpper/L2/ChkSym01.lean (start 02:06:46)
   RESULT GYNIUpper/L2/ChkSym01.lean: exit=0 wall=2.9s peakWS=57MB peakPrivate=356MB (attempt 1)
== GYNIUpper/L2/ChkSym10.lean (start 02:06:50)
   RESULT GYNIUpper/L2/ChkSym10.lean: exit=0 wall=2.8s peakWS=58MB peakPrivate=374MB (attempt 1)
== GYNIUpper/L2/ChkSym11.lean (start 02:06:55)
   RESULT GYNIUpper/L2/ChkSym11.lean: exit=0 wall=2.8s peakWS=63MB peakPrivate=425MB (attempt 1)
== GYNIUpper/L2/ChkTab.lean (start 02:07:00)
   RESULT GYNIUpper/L2/ChkTab.lean: exit=0 wall=2.8s peakWS=59MB peakPrivate=380MB (attempt 1)
== GYNIUpper/L2/Main.lean (start 02:07:04)
   RESULT GYNIUpper/L2/Main.lean: exit=0 wall=26.2s peakWS=3,441MB peakPrivate=8,021MB (attempt 1)
== build_level L2 done: 113 s
