[mc3 build L=8] words 17, blocks [289, 289, 289, 289], vars 167620, V2 rows 287396, total rows 789678  (2.5s)
  [uf] 167620 vars -> 17017 free roots, 245438 multi-term rows (3 rounds)
  [uf] components 464, largest 480 roots, nullity 2392, max residual 3.67e-14
  [uf] reduced rank 14625, nullity 2392, residual 0.0e+00 (factored)
  null space ready: k = 2392, mem 0.49 GB (83.0s)
  reduced: nullity 2392, kept 2392 directions, cones [153, 136], 91.7s, mem 2.53 GB
   it   0 pobj  289.0000000000 dobj  0.0000000000 gap 1.0e+00 pinf 2.0e-01 dinf 1.1e-16 mu 1.0e+00 (0s)
   it   1 pobj  18.5529918616 dobj  0.0073059082 gap 9.5e-01 pinf 1.3e-02 dinf 6.0e-17 mu 6.4e-02 (6s)
   it   2 pobj  3.6195117870 dobj  0.1194284380 gap 7.4e-01 pinf 2.4e-03 dinf 5.6e-17 mu 1.2e-02 (12s)
   it   3 pobj  0.7374697425 dobj  0.3083020640 gap 2.1e-01 pinf 1.3e-04 dinf 1.4e-16 mu 1.5e-03 (19s)
   it   4 pobj  0.5005335785 dobj  0.3483617595 gap 8.2e-02 pinf 3.5e-05 dinf 1.2e-16 mu 5.3e-04 (24s)
   it   5 pobj  0.4130734817 dobj  0.3660809558 gap 2.6e-02 pinf 7.1e-06 dinf 1.6e-16 mu 1.6e-04 (30s)
   it   6 pobj  0.3877403066 dobj  0.3701962412 gap 1.0e-02 pinf 1.8e-06 dinf 2.2e-16 mu 6.1e-05 (36s)
   it   7 pobj  0.3774398925 dobj  0.3716319120 gap 3.3e-03 pinf 3.8e-07 dinf 2.1e-16 mu 2.0e-05 (42s)
   it   8 pobj  0.3738549732 dobj  0.3720007432 gap 1.1e-03 pinf 1.1e-07 dinf 2.5e-16 mu 6.4e-06 (49s)
   it   9 pobj  0.3727010659 dobj  0.3721035167 gap 3.4e-04 pinf 2.8e-08 dinf 2.5e-16 mu 2.1e-06 (54s)
   it  10 pobj  0.3723549712 dobj  0.3721516604 gap 1.2e-04 pinf 8.2e-09 dinf 2.6e-16 mu 7.0e-07 (60s)
   it  11 pobj  0.3722589698 dobj  0.3721704173 gap 5.1e-05 pinf 2.8e-09 dinf 2.5e-16 mu 3.1e-07 (67s)
   it  12 pobj  0.3722218255 dobj  0.3721782960 gap 2.5e-05 pinf 1.3e-09 dinf 3.2e-16 mu 1.5e-07 (73s)
   it  13 pobj  0.3722014894 dobj  0.3721814532 gap 1.1e-05 pinf 5.6e-10 dinf 2.7e-16 mu 6.9e-08 (79s)
   it  14 pobj  0.3721888980 dobj  0.3721827203 gap 3.5e-06 pinf 1.6e-10 dinf 2.8e-16 mu 2.1e-08 (85s)
   it  15 pobj  0.3721860150 dobj  0.3721832083 gap 1.6e-06 pinf 6.9e-11 dinf 3.2e-16 mu 9.7e-09 (90s)
   it  16 pobj  0.3721842989 dobj  0.3721833924 gap 5.2e-07 pinf 2.2e-11 dinf 3.3e-16 mu 3.1e-09 (96s)
   it  17 pobj  0.3721837422 dobj  0.3721834413 gap 1.7e-07 pinf 1.7e-11 dinf 3.3e-16 mu 1.0e-09 (102s)
   it  18 pobj  0.3721835580 dobj  0.3721834580 gap 5.7e-08 pinf 5.2e-11 dinf 3.8e-16 mu 3.5e-10 (109s)
   it  19 pobj  0.3721834917 dobj  0.3721834633 gap 1.6e-08 pinf 9.5e-11 dinf 3.5e-16 mu 9.8e-11 (115s)
   it  20 pobj  0.3721834717 dobj  0.3721834648 gap 3.9e-09 pinf 1.1e-10 dinf 2.8e-16 mu 2.3e-11 (121s)
   it  21 pobj  0.3721834665 dobj  0.3721834652 gap 7.7e-10 pinf 1.6e-10 dinf 2.8e-16 mu 4.6e-12 (128s)
HIER-IPM L=8: dual(b.y)+const 0.6221834652  primal <C,X>+const 0.6221834665  obj(z) 0.6221834652  gap 7.7e-10 pinf 1.6e-10 dinf 2.8e-16  it 21  total 220.3s peak 2.63 GB
