== GYNIProof/Big/D_0_0_0.lean  (start 22:49:36)
   RESULT GYNIProof/Big/D_0_0_0.lean: exit=0 wall=7.8s peakWS=493MB peakPrivate=740MB (attempt 1)
== GYNIProof/Big/D_0_0_1.lean  (start 22:49:46)
   RESULT GYNIProof/Big/D_0_0_1.lean: exit=0 wall=7.2s peakWS=503MB peakPrivate=700MB (attempt 1)
== GYNIProof/Big/D_0_0_2.lean  (start 22:49:55)
   RESULT GYNIProof/Big/D_0_0_2.lean: exit=0 wall=7.8s peakWS=514MB peakPrivate=752MB (attempt 1)
== GYNIProof/Big/D_0_0_3.lean  (start 22:50:05)
   RESULT GYNIProof/Big/D_0_0_3.lean: exit=0 wall=9.4s peakWS=517MB peakPrivate=713MB (attempt 1)
== GYNIProof/Big/D_0_0_4.lean  (start 22:50:16)
   RESULT GYNIProof/Big/D_0_0_4.lean: exit=0 wall=7.8s peakWS=530MB peakPrivate=753MB (attempt 1)
== GYNIProof/Big/D_0_0_5.lean  (start 22:50:25)
   RESULT GYNIProof/Big/D_0_0_5.lean: exit=0 wall=7.3s peakWS=526MB peakPrivate=736MB (attempt 1)
== GYNIProof/Big/D_0_0_6.lean  (start 22:50:34)
   RESULT GYNIProof/Big/D_0_0_6.lean: exit=0 wall=6.6s peakWS=536MB peakPrivate=779MB (attempt 1)
== GYNIProof/Big/D_0_0_7.lean  (start 22:50:43)
   RESULT GYNIProof/Big/D_0_0_7.lean: exit=0 wall=8.4s peakWS=544MB peakPrivate=748MB (attempt 1)
== GYNIProof/Big/D_0_0_8.lean  (start 22:50:53)
   RESULT GYNIProof/Big/D_0_0_8.lean: exit=0 wall=8.4s peakWS=576MB peakPrivate=760MB (attempt 1)
== GYNIProof/Big/D_0_0_9.lean  (start 22:51:03)
   RESULT GYNIProof/Big/D_0_0_9.lean: exit=0 wall=8.3s peakWS=590MB peakPrivate=787MB (attempt 1)
== GYNIProof/Big/D_0_0_10.lean  (start 22:51:13)
   RESULT GYNIProof/Big/D_0_0_10.lean: exit=0 wall=8.5s peakWS=585MB peakPrivate=805MB (attempt 1)
== GYNIProof/Big/D_0_0_11.lean  (start 22:51:24)
   RESULT GYNIProof/Big/D_0_0_11.lean: exit=0 wall=7.9s peakWS=600MB peakPrivate=831MB (attempt 1)
== GYNIProof/Big/D_0_0_12.lean  (start 22:51:34)
   RESULT GYNIProof/Big/D_0_0_12.lean: exit=0 wall=8.9s peakWS=603MB peakPrivate=845MB (attempt 1)
== GYNIProof/Big/D_0_0_13.lean  (start 22:51:44)
   RESULT GYNIProof/Big/D_0_0_13.lean: exit=0 wall=8.3s peakWS=605MB peakPrivate=873MB (attempt 1)
== GYNIProof/Big/D_0_0_14.lean  (start 22:51:54)
   RESULT GYNIProof/Big/D_0_0_14.lean: exit=0 wall=8.2s peakWS=613MB peakPrivate=847MB (attempt 1)
== GYNIProof/Big/D_0_0_15.lean  (start 22:52:04)
   RESULT GYNIProof/Big/D_0_0_15.lean: exit=0 wall=8.2s peakWS=609MB peakPrivate=828MB (attempt 1)
== GYNIProof/Big/P_0_0.lean  (start 22:52:15)
   RESULT GYNIProof/Big/P_0_0.lean: exit=0 wall=14.4s peakWS=291MB peakPrivate=517MB (attempt 1)
== GYNIProof/CertBigShape_0_0.lean  (start 22:52:31)
   RESULT GYNIProof/CertBigShape_0_0.lean: exit=0 wall=50.2s peakWS=605MB peakPrivate=1,039MB (attempt 1)
== GYNIProof/CertBigCols_0_0_0.lean  (start 22:53:23)
   RESULT GYNIProof/CertBigCols_0_0_0.lean: exit=0 wall=4.0s peakWS=311MB peakPrivate=565MB (attempt 1)
== GYNIProof/CertBigCols_0_0_1.lean  (start 22:53:29)
   RESULT GYNIProof/CertBigCols_0_0_1.lean: exit=0 wall=4.5s peakWS=237MB peakPrivate=490MB (attempt 1)
== GYNIProof/CertBigCols_0_0_2.lean  (start 22:53:35)
   RESULT GYNIProof/CertBigCols_0_0_2.lean: exit=0 wall=3.9s peakWS=325MB peakPrivate=599MB (attempt 1)
== GYNIProof/CertBigCols_0_0_3.lean  (start 22:53:41)
   RESULT GYNIProof/CertBigCols_0_0_3.lean: exit=0 wall=4.0s peakWS=333MB peakPrivate=574MB (attempt 1)
== GYNIProof/CertBigCols_0_0_4.lean  (start 22:53:46)
   RESULT GYNIProof/CertBigCols_0_0_4.lean: exit=0 wall=3.9s peakWS=351MB peakPrivate=495MB (attempt 1)
== GYNIProof/CertBigCols_0_0_5.lean  (start 22:53:52)
   RESULT GYNIProof/CertBigCols_0_0_5.lean: exit=0 wall=3.9s peakWS=313MB peakPrivate=569MB (attempt 1)
== GYNIProof/CertBigCols_0_0_6.lean  (start 22:53:58)
   RESULT GYNIProof/CertBigCols_0_0_6.lean: exit=0 wall=4.4s peakWS=290MB peakPrivate=537MB (attempt 1)
== GYNIProof/CertBigCols_0_0_7.lean  (start 22:54:04)
   RESULT GYNIProof/CertBigCols_0_0_7.lean: exit=0 wall=4.5s peakWS=340MB peakPrivate=602MB (attempt 1)
== GYNIProof/CertBigCols_0_0_8.lean  (start 22:54:11)
   RESULT GYNIProof/CertBigCols_0_0_8.lean: exit=0 wall=3.3s peakWS=368MB peakPrivate=612MB (attempt 1)
== GYNIProof/CertBigCols_0_0_9.lean  (start 22:54:16)
   RESULT GYNIProof/CertBigCols_0_0_9.lean: exit=0 wall=3.9s peakWS=332MB peakPrivate=604MB (attempt 1)
== GYNIProof/CertBigCols_0_0_10.lean  (start 22:54:21)
   RESULT GYNIProof/CertBigCols_0_0_10.lean: exit=0 wall=3.9s peakWS=324MB peakPrivate=572MB (attempt 1)
== GYNIProof/CertBigCols_0_0_11.lean  (start 22:54:27)
   RESULT GYNIProof/CertBigCols_0_0_11.lean: exit=0 wall=4.0s peakWS=326MB peakPrivate=605MB (attempt 1)
== GYNIProof/CertBigCols_0_0_12.lean  (start 22:54:32)
   RESULT GYNIProof/CertBigCols_0_0_12.lean: exit=0 wall=3.9s peakWS=389MB peakPrivate=573MB (attempt 1)
== GYNIProof/CertBigCols_0_0_13.lean  (start 22:54:38)
   RESULT GYNIProof/CertBigCols_0_0_13.lean: exit=0 wall=4.5s peakWS=376MB peakPrivate=638MB (attempt 1)
== GYNIProof/CertBigCols_0_0_14.lean  (start 22:54:44)
   RESULT GYNIProof/CertBigCols_0_0_14.lean: exit=0 wall=4.5s peakWS=353MB peakPrivate=607MB (attempt 1)
== GYNIProof/CertBigCols_0_0_15.lean  (start 22:54:50)
   RESULT GYNIProof/CertBigCols_0_0_15.lean: exit=0 wall=4.5s peakWS=394MB peakPrivate=672MB (attempt 1)
== GYNIProof/CertBigComb_0_0.lean  (start 22:54:57)
   RESULT GYNIProof/CertBigComb_0_0.lean: exit=0 wall=8.9s peakWS=436MB peakPrivate=936MB (attempt 1)
== GYNIProof/CertBigRows_0_0_0.lean  (start 22:55:07)
   RESULT GYNIProof/CertBigRows_0_0_0.lean: exit=0 wall=44.8s peakWS=1,216MB peakPrivate=1,489MB (attempt 1)
== GYNIProof/CertBigRows_0_0_1.lean  (start 22:55:54)
   RESULT GYNIProof/CertBigRows_0_0_1.lean: exit=0 wall=24.4s peakWS=1,232MB peakPrivate=1,487MB (attempt 1)
== GYNIProof/CertBigRows_0_0_2.lean  (start 22:56:20)
   RESULT GYNIProof/CertBigRows_0_0_2.lean: exit=0 wall=29.9s peakWS=1,259MB peakPrivate=1,526MB (attempt 1)
== GYNIProof/CertBigRows_0_0_3.lean  (start 22:56:52)
   RESULT GYNIProof/CertBigRows_0_0_3.lean: exit=0 wall=16.6s peakWS=1,270MB peakPrivate=1,536MB (attempt 1)
== GYNIProof/CertBigRows_0_0_4.lean  (start 22:57:10)
   RESULT GYNIProof/CertBigRows_0_0_4.lean: exit=0 wall=31.1s peakWS=1,293MB peakPrivate=1,573MB (attempt 1)
== GYNIProof/CertBigRows_0_0_5.lean  (start 22:57:43)
   RESULT GYNIProof/CertBigRows_0_0_5.lean: exit=0 wall=19.4s peakWS=1,298MB peakPrivate=1,574MB (attempt 1)
== GYNIProof/CertBigRows_0_0_6.lean  (start 22:58:04)
   RESULT GYNIProof/CertBigRows_0_0_6.lean: exit=0 wall=39.0s peakWS=1,326MB peakPrivate=1,582MB (attempt 1)
== GYNIProof/CertBigRows_0_0_7.lean  (start 22:58:45)
   RESULT GYNIProof/CertBigRows_0_0_7.lean: exit=0 wall=31.4s peakWS=1,341MB peakPrivate=1,609MB (attempt 1)
== GYNIProof/CertBigRows_0_0_8.lean  (start 22:59:19)
   RESULT GYNIProof/CertBigRows_0_0_8.lean: exit=0 wall=32.5s peakWS=1,356MB peakPrivate=1,620MB (attempt 1)
== GYNIProof/CertBigRows_0_0_9.lean  (start 22:59:53)
   RESULT GYNIProof/CertBigRows_0_0_9.lean: exit=0 wall=32.8s peakWS=1,366MB peakPrivate=1,627MB (attempt 1)
== GYNIProof/CertBigRows_0_0_10.lean  (start 23:00:28)
   RESULT GYNIProof/CertBigRows_0_0_10.lean: exit=0 wall=21.5s peakWS=1,375MB peakPrivate=1,652MB (attempt 1)
== GYNIProof/CertBigRows_0_0_11.lean  (start 23:00:51)
   RESULT GYNIProof/CertBigRows_0_0_11.lean: exit=0 wall=26.4s peakWS=1,394MB peakPrivate=1,666MB (attempt 1)
== GYNIProof/CertBigRows_0_0_12.lean  (start 23:01:20)
   RESULT GYNIProof/CertBigRows_0_0_12.lean: exit=0 wall=32.5s peakWS=1,412MB peakPrivate=1,658MB (attempt 1)
== GYNIProof/CertBigRows_0_0_13.lean  (start 23:01:54)
   RESULT GYNIProof/CertBigRows_0_0_13.lean: exit=0 wall=24.7s peakWS=1,422MB peakPrivate=1,673MB (attempt 1)
== GYNIProof/CertBigRows_0_0_14.lean  (start 23:02:20)
   RESULT GYNIProof/CertBigRows_0_0_14.lean: exit=0 wall=19.2s peakWS=1,435MB peakPrivate=1,704MB (attempt 1)
== GYNIProof/CertBigRows_0_0_15.lean  (start 23:02:42)
   RESULT GYNIProof/CertBigRows_0_0_15.lean: exit=0 wall=30.2s peakWS=1,456MB peakPrivate=1,742MB (attempt 1)
== GYNIProof/CertBig_0_0.lean  (start 23:03:14)
   RESULT GYNIProof/CertBig_0_0.lean: exit=0 wall=44.1s peakWS=3,463MB peakPrivate=8,316MB (attempt 1)
== GYNIProof/Big/D_0_13_0.lean  (start 23:04:00)
   RESULT GYNIProof/Big/D_0_13_0.lean: exit=0 wall=7.2s peakWS=488MB peakPrivate=672MB (attempt 1)
== GYNIProof/Big/D_0_13_1.lean  (start 23:04:09)
   RESULT GYNIProof/Big/D_0_13_1.lean: exit=0 wall=7.7s peakWS=499MB peakPrivate=743MB (attempt 1)
== GYNIProof/Big/D_0_13_2.lean  (start 23:04:18)
   RESULT GYNIProof/Big/D_0_13_2.lean: exit=0 wall=7.2s peakWS=504MB peakPrivate=684MB (attempt 1)
== GYNIProof/Big/D_0_13_3.lean  (start 23:04:27)
   RESULT GYNIProof/Big/D_0_13_3.lean: exit=0 wall=7.2s peakWS=511MB peakPrivate=711MB (attempt 1)
== GYNIProof/Big/D_0_13_4.lean  (start 23:04:36)
   RESULT GYNIProof/Big/D_0_13_4.lean: exit=0 wall=7.7s peakWS=520MB peakPrivate=761MB (attempt 1)
== GYNIProof/Big/D_0_13_5.lean  (start 23:04:46)
   RESULT GYNIProof/Big/D_0_13_5.lean: exit=0 wall=7.7s peakWS=536MB peakPrivate=731MB (attempt 1)
== GYNIProof/Big/D_0_13_6.lean  (start 23:04:56)
   RESULT GYNIProof/Big/D_0_13_6.lean: exit=0 wall=8.4s peakWS=530MB peakPrivate=765MB (attempt 1)
== GYNIProof/Big/D_0_13_7.lean  (start 23:05:06)
   RESULT GYNIProof/Big/D_0_13_7.lean: exit=0 wall=9.4s peakWS=532MB peakPrivate=737MB (attempt 1)
== GYNIProof/Big/D_0_13_8.lean  (start 23:05:17)
   RESULT GYNIProof/Big/D_0_13_8.lean: exit=0 wall=8.9s peakWS=579MB peakPrivate=768MB (attempt 1)
== GYNIProof/Big/D_0_13_9.lean  (start 23:05:28)
   RESULT GYNIProof/Big/D_0_13_9.lean: exit=0 wall=8.3s peakWS=592MB peakPrivate=831MB (attempt 1)
== GYNIProof/Big/D_0_13_10.lean  (start 23:05:38)
   RESULT GYNIProof/Big/D_0_13_10.lean: exit=0 wall=8.9s peakWS=580MB peakPrivate=813MB (attempt 1)
== GYNIProof/Big/D_0_13_11.lean  (start 23:05:49)
   RESULT GYNIProof/Big/D_0_13_11.lean: exit=0 wall=9.4s peakWS=595MB peakPrivate=854MB (attempt 1)
== GYNIProof/Big/D_0_13_12.lean  (start 23:06:00)
   RESULT GYNIProof/Big/D_0_13_12.lean: exit=0 wall=8.4s peakWS=598MB peakPrivate=822MB (attempt 1)
== GYNIProof/Big/D_0_13_13.lean  (start 23:06:10)
   RESULT GYNIProof/Big/D_0_13_13.lean: exit=0 wall=8.3s peakWS=600MB peakPrivate=819MB (attempt 1)
== GYNIProof/Big/D_0_13_14.lean  (start 23:06:20)
   RESULT GYNIProof/Big/D_0_13_14.lean: exit=0 wall=7.8s peakWS=607MB peakPrivate=842MB (attempt 1)
== GYNIProof/Big/D_0_13_15.lean  (start 23:06:30)
   RESULT GYNIProof/Big/D_0_13_15.lean: exit=0 wall=8.9s peakWS=617MB peakPrivate=848MB (attempt 1)
== GYNIProof/Big/P_0_13.lean  (start 23:06:41)
   RESULT GYNIProof/Big/P_0_13.lean: exit=0 wall=13.2s peakWS=291MB peakPrivate=513MB (attempt 1)
== GYNIProof/CertBigShape_0_13.lean  (start 23:06:56)
   RESULT GYNIProof/CertBigShape_0_13.lean: exit=0 wall=45.6s peakWS=605MB peakPrivate=1,040MB (attempt 1)
== GYNIProof/CertBigCols_0_13_0.lean  (start 23:07:43)
   RESULT GYNIProof/CertBigCols_0_13_0.lean: exit=0 wall=3.9s peakWS=230MB peakPrivate=483MB (attempt 1)
== GYNIProof/CertBigCols_0_13_1.lean  (start 23:07:49)
   RESULT GYNIProof/CertBigCols_0_13_1.lean: exit=0 wall=3.9s peakWS=323MB peakPrivate=566MB (attempt 1)
== GYNIProof/CertBigCols_0_13_2.lean  (start 23:07:55)
   RESULT GYNIProof/CertBigCols_0_13_2.lean: exit=0 wall=3.9s peakWS=316MB peakPrivate=567MB (attempt 1)
== GYNIProof/CertBigCols_0_13_3.lean  (start 23:08:00)
   RESULT GYNIProof/CertBigCols_0_13_3.lean: exit=0 wall=4.5s peakWS=305MB peakPrivate=567MB (attempt 1)
== GYNIProof/CertBigCols_0_13_4.lean  (start 23:08:07)
   RESULT GYNIProof/CertBigCols_0_13_4.lean: exit=0 wall=4.5s peakWS=338MB peakPrivate=600MB (attempt 1)
== GYNIProof/CertBigCols_0_13_5.lean  (start 23:08:13)
   RESULT GYNIProof/CertBigCols_0_13_5.lean: exit=0 wall=3.9s peakWS=309MB peakPrivate=569MB (attempt 1)
== GYNIProof/CertBigCols_0_13_6.lean  (start 23:08:19)
   RESULT GYNIProof/CertBigCols_0_13_6.lean: exit=0 wall=4.5s peakWS=348MB peakPrivate=602MB (attempt 1)
== GYNIProof/CertBigCols_0_13_7.lean  (start 23:08:25)
   RESULT GYNIProof/CertBigCols_0_13_7.lean: exit=0 wall=3.9s peakWS=327MB peakPrivate=602MB (attempt 1)
== GYNIProof/CertBigCols_0_13_8.lean  (start 23:08:31)
   RESULT GYNIProof/CertBigCols_0_13_8.lean: exit=0 wall=4.5s peakWS=299MB peakPrivate=571MB (attempt 1)
== GYNIProof/CertBigCols_0_13_9.lean  (start 23:08:37)
   RESULT GYNIProof/CertBigCols_0_13_9.lean: exit=0 wall=5.0s peakWS=317MB peakPrivate=571MB (attempt 1)
== GYNIProof/CertBigCols_0_13_10.lean  (start 23:08:44)
   RESULT GYNIProof/CertBigCols_0_13_10.lean: exit=0 wall=4.5s peakWS=339MB peakPrivate=604MB (attempt 1)
== GYNIProof/CertBigCols_0_13_11.lean  (start 23:08:50)
   RESULT GYNIProof/CertBigCols_0_13_11.lean: exit=0 wall=3.9s peakWS=350MB peakPrivate=605MB (attempt 1)
== GYNIProof/CertBigCols_0_13_12.lean  (start 23:08:56)
   RESULT GYNIProof/CertBigCols_0_13_12.lean: exit=0 wall=4.5s peakWS=379MB peakPrivate=626MB (attempt 1)
== GYNIProof/CertBigCols_0_13_13.lean  (start 23:09:03)
   RESULT GYNIProof/CertBigCols_0_13_13.lean: exit=0 wall=5.0s peakWS=357MB peakPrivate=606MB (attempt 1)
== GYNIProof/CertBigCols_0_13_14.lean  (start 23:09:09)
   RESULT GYNIProof/CertBigCols_0_13_14.lean: exit=0 wall=5.5s peakWS=367MB peakPrivate=639MB (attempt 1)
== GYNIProof/CertBigCols_0_13_15.lean  (start 23:09:17)
   RESULT GYNIProof/CertBigCols_0_13_15.lean: exit=0 wall=5.0s peakWS=394MB peakPrivate=672MB (attempt 1)
== GYNIProof/CertBigComb_0_13.lean  (start 23:09:24)
   RESULT GYNIProof/CertBigComb_0_13.lean: exit=0 wall=6.7s peakWS=437MB peakPrivate=936MB (attempt 1)
== GYNIProof/CertBigRows_0_13_0.lean  (start 23:09:32)
   RESULT GYNIProof/CertBigRows_0_13_0.lean: exit=0 wall=36.4s peakWS=1,225MB peakPrivate=1,494MB (attempt 1)
== GYNIProof/CertBigRows_0_13_1.lean  (start 23:10:10)
   RESULT GYNIProof/CertBigRows_0_13_1.lean: exit=0 wall=22.0s peakWS=1,247MB peakPrivate=1,523MB (attempt 1)
== GYNIProof/CertBigRows_0_13_2.lean  (start 23:10:34)
   RESULT GYNIProof/CertBigRows_0_13_2.lean: exit=0 wall=30.8s peakWS=1,271MB peakPrivate=1,539MB (attempt 1)
== GYNIProof/CertBigRows_0_13_3.lean  (start 23:11:07)
   RESULT GYNIProof/CertBigRows_0_13_3.lean: exit=0 wall=14.9s peakWS=1,264MB peakPrivate=1,527MB (attempt 1)
== GYNIProof/CertBigRows_0_13_4.lean  (start 23:11:24)
   RESULT GYNIProof/CertBigRows_0_13_4.lean: exit=0 wall=28.6s peakWS=1,299MB peakPrivate=1,571MB (attempt 1)
== GYNIProof/CertBigRows_0_13_5.lean  (start 23:11:55)
   RESULT GYNIProof/CertBigRows_0_13_5.lean: exit=0 wall=21.6s peakWS=1,308MB peakPrivate=1,578MB (attempt 1)
== GYNIProof/CertBigRows_0_13_6.lean  (start 23:12:18)
   RESULT GYNIProof/CertBigRows_0_13_6.lean: exit=0 wall=43.7s peakWS=1,334MB peakPrivate=1,614MB (attempt 1)
== GYNIProof/CertBigRows_0_13_7.lean  (start 23:13:03)
   RESULT GYNIProof/CertBigRows_0_13_7.lean: exit=0 wall=25.3s peakWS=1,344MB peakPrivate=1,613MB (attempt 1)
== GYNIProof/CertBigRows_0_13_8.lean  (start 23:13:31)
   RESULT GYNIProof/CertBigRows_0_13_8.lean: exit=0 wall=30.3s peakWS=1,357MB peakPrivate=1,621MB (attempt 1)
== GYNIProof/CertBigRows_0_13_9.lean  (start 23:14:03)
   RESULT GYNIProof/CertBigRows_0_13_9.lean: exit=0 wall=28.7s peakWS=1,373MB peakPrivate=1,626MB (attempt 1)
== GYNIProof/CertBigRows_0_13_10.lean  (start 23:14:33)
   RESULT GYNIProof/CertBigRows_0_13_10.lean: exit=0 wall=22.7s peakWS=1,385MB peakPrivate=1,661MB (attempt 1)
== GYNIProof/CertBigRows_0_13_11.lean  (start 23:14:58)
   RESULT GYNIProof/CertBigRows_0_13_11.lean: exit=0 wall=25.5s peakWS=1,397MB peakPrivate=1,659MB (attempt 1)
== GYNIProof/CertBigRows_0_13_12.lean  (start 23:15:25)
   RESULT GYNIProof/CertBigRows_0_13_12.lean: exit=0 wall=34.3s peakWS=1,419MB peakPrivate=1,693MB (attempt 1)
== GYNIProof/CertBigRows_0_13_13.lean  (start 23:16:01)
   RESULT GYNIProof/CertBigRows_0_13_13.lean: exit=0 wall=24.3s peakWS=1,433MB peakPrivate=1,704MB (attempt 1)
== GYNIProof/CertBigRows_0_13_14.lean  (start 23:16:27)
   RESULT GYNIProof/CertBigRows_0_13_14.lean: exit=0 wall=19.8s peakWS=1,444MB peakPrivate=1,701MB (attempt 1)
== GYNIProof/CertBigRows_0_13_15.lean  (start 23:16:49)
   RESULT GYNIProof/CertBigRows_0_13_15.lean: exit=0 wall=39.1s peakWS=1,471MB peakPrivate=1,733MB (attempt 1)
== GYNIProof/CertBig_0_13.lean  (start 23:17:30)
   RESULT GYNIProof/CertBig_0_13.lean: exit=0 wall=35.3s peakWS=3,464MB peakPrivate=8,287MB (attempt 1)
== GYNIProof/Big/D_13_13_0.lean  (start 23:18:07)
   RESULT GYNIProof/Big/D_13_13_0.lean: exit=0 wall=7.7s peakWS=488MB peakPrivate=730MB (attempt 1)
== GYNIProof/Big/D_13_13_1.lean  (start 23:18:17)
   RESULT GYNIProof/Big/D_13_13_1.lean: exit=0 wall=8.3s peakWS=507MB peakPrivate=765MB (attempt 1)
== GYNIProof/Big/D_13_13_2.lean  (start 23:18:27)
   RESULT GYNIProof/Big/D_13_13_2.lean: exit=0 wall=7.2s peakWS=511MB peakPrivate=729MB (attempt 1)
== GYNIProof/Big/D_13_13_3.lean  (start 23:18:36)
   RESULT GYNIProof/Big/D_13_13_3.lean: exit=0 wall=7.7s peakWS=512MB peakPrivate=739MB (attempt 1)
== GYNIProof/Big/D_13_13_4.lean  (start 23:18:46)
   RESULT GYNIProof/Big/D_13_13_4.lean: exit=0 wall=7.2s peakWS=519MB peakPrivate=738MB (attempt 1)
== GYNIProof/Big/D_13_13_5.lean  (start 23:18:55)
   RESULT GYNIProof/Big/D_13_13_5.lean: exit=0 wall=8.3s peakWS=522MB peakPrivate=747MB (attempt 1)
== GYNIProof/Big/D_13_13_6.lean  (start 23:19:05)
   RESULT GYNIProof/Big/D_13_13_6.lean: exit=0 wall=8.5s peakWS=538MB peakPrivate=738MB (attempt 1)
== GYNIProof/Big/D_13_13_7.lean  (start 23:19:15)
   RESULT GYNIProof/Big/D_13_13_7.lean: exit=0 wall=8.9s peakWS=551MB peakPrivate=741MB (attempt 1)
== GYNIProof/Big/D_13_13_8.lean  (start 23:19:26)
   RESULT GYNIProof/Big/D_13_13_8.lean: exit=0 wall=9.4s peakWS=570MB peakPrivate=788MB (attempt 1)
== GYNIProof/Big/D_13_13_9.lean  (start 23:19:37)
   RESULT GYNIProof/Big/D_13_13_9.lean: exit=0 wall=8.3s peakWS=581MB peakPrivate=779MB (attempt 1)
== GYNIProof/Big/D_13_13_10.lean  (start 23:19:47)
   RESULT GYNIProof/Big/D_13_13_10.lean: exit=0 wall=9.4s peakWS=589MB peakPrivate=825MB (attempt 1)
== GYNIProof/Big/D_13_13_11.lean  (start 23:19:59)
   RESULT GYNIProof/Big/D_13_13_11.lean: exit=0 wall=10.0s peakWS=589MB peakPrivate=816MB (attempt 1)
== GYNIProof/Big/D_13_13_12.lean  (start 23:20:11)
   RESULT GYNIProof/Big/D_13_13_12.lean: exit=0 wall=8.9s peakWS=601MB peakPrivate=847MB (attempt 1)
== GYNIProof/Big/D_13_13_13.lean  (start 23:20:21)
   RESULT GYNIProof/Big/D_13_13_13.lean: exit=0 wall=8.8s peakWS=606MB peakPrivate=874MB (attempt 1)
== GYNIProof/Big/D_13_13_14.lean  (start 23:20:32)
   RESULT GYNIProof/Big/D_13_13_14.lean: exit=0 wall=9.4s peakWS=622MB peakPrivate=846MB (attempt 1)
== GYNIProof/Big/D_13_13_15.lean  (start 23:20:43)
   RESULT GYNIProof/Big/D_13_13_15.lean: exit=0 wall=10.5s peakWS=616MB peakPrivate=821MB (attempt 1)
== GYNIProof/Big/P_13_13.lean  (start 23:20:56)
   RESULT GYNIProof/Big/P_13_13.lean: exit=0 wall=16.1s peakWS=309MB peakPrivate=513MB (attempt 1)
== GYNIProof/CertBigShape_13_13.lean  (start 23:21:14)
   RESULT GYNIProof/CertBigShape_13_13.lean: exit=0 wall=49.0s peakWS=605MB peakPrivate=1,039MB (attempt 1)
== GYNIProof/CertBigCols_13_13_0.lean  (start 23:22:05)
   RESULT GYNIProof/CertBigCols_13_13_0.lean: exit=0 wall=4.5s peakWS=267MB peakPrivate=507MB (attempt 1)
== GYNIProof/CertBigCols_13_13_1.lean  (start 23:22:11)
   RESULT GYNIProof/CertBigCols_13_13_1.lean: exit=0 wall=4.5s peakWS=322MB peakPrivate=563MB (attempt 1)
== GYNIProof/CertBigCols_13_13_2.lean  (start 23:22:17)
   RESULT GYNIProof/CertBigCols_13_13_2.lean: exit=0 wall=5.0s peakWS=341MB peakPrivate=494MB (attempt 1)
== GYNIProof/CertBigCols_13_13_3.lean  (start 23:22:24)
   RESULT GYNIProof/CertBigCols_13_13_3.lean: exit=0 wall=5.0s peakWS=242MB peakPrivate=495MB (attempt 1)
== GYNIProof/CertBigCols_13_13_4.lean  (start 23:22:31)
   RESULT GYNIProof/CertBigCols_13_13_4.lean: exit=0 wall=5.0s peakWS=338MB peakPrivate=600MB (attempt 1)
== GYNIProof/CertBigCols_13_13_5.lean  (start 23:22:38)
   RESULT GYNIProof/CertBigCols_13_13_5.lean: exit=0 wall=5.0s peakWS=342MB peakPrivate=602MB (attempt 1)
== GYNIProof/CertBigCols_13_13_6.lean  (start 23:22:45)
   RESULT GYNIProof/CertBigCols_13_13_6.lean: exit=0 wall=4.4s peakWS=291MB peakPrivate=537MB (attempt 1)
== GYNIProof/CertBigCols_13_13_7.lean  (start 23:22:51)
   RESULT GYNIProof/CertBigCols_13_13_7.lean: exit=0 wall=4.5s peakWS=351MB peakPrivate=602MB (attempt 1)
== GYNIProof/CertBigCols_13_13_8.lean  (start 23:22:58)
   RESULT GYNIProof/CertBigCols_13_13_8.lean: exit=0 wall=4.5s peakWS=334MB peakPrivate=603MB (attempt 1)
== GYNIProof/CertBigCols_13_13_9.lean  (start 23:23:04)
   RESULT GYNIProof/CertBigCols_13_13_9.lean: exit=0 wall=5.0s peakWS=364MB peakPrivate=636MB (attempt 1)
== GYNIProof/CertBigCols_13_13_10.lean  (start 23:23:11)
   RESULT GYNIProof/CertBigCols_13_13_10.lean: exit=0 wall=5.0s peakWS=339MB peakPrivate=605MB (attempt 1)
== GYNIProof/CertBigCols_13_13_11.lean  (start 23:23:18)
   RESULT GYNIProof/CertBigCols_13_13_11.lean: exit=0 wall=5.1s peakWS=338MB peakPrivate=605MB (attempt 1)
== GYNIProof/CertBigCols_13_13_12.lean  (start 23:23:25)
   RESULT GYNIProof/CertBigCols_13_13_12.lean: exit=0 wall=5.0s peakWS=357MB peakPrivate=606MB (attempt 1)
== GYNIProof/CertBigCols_13_13_13.lean  (start 23:23:31)
   RESULT GYNIProof/CertBigCols_13_13_13.lean: exit=0 wall=5.6s peakWS=395MB peakPrivate=629MB (attempt 1)
== GYNIProof/CertBigCols_13_13_14.lean  (start 23:23:39)
   RESULT GYNIProof/CertBigCols_13_13_14.lean: exit=0 wall=6.1s peakWS=371MB peakPrivate=639MB (attempt 1)
== GYNIProof/CertBigCols_13_13_15.lean  (start 23:23:47)
   RESULT GYNIProof/CertBigCols_13_13_15.lean: exit=0 wall=5.5s peakWS=377MB peakPrivate=640MB (attempt 1)
== GYNIProof/CertBigComb_13_13.lean  (start 23:23:54)
   RESULT GYNIProof/CertBigComb_13_13.lean: exit=0 wall=8.9s peakWS=435MB peakPrivate=935MB (attempt 1)
== GYNIProof/CertBigRows_13_13_0.lean  (start 23:24:05)
   RESULT GYNIProof/CertBigRows_13_13_0.lean: exit=0 wall=15.2s peakWS=1,204MB peakPrivate=1,455MB (attempt 1)
== GYNIProof/CertBigRows_13_13_1.lean  (start 23:24:22)
   RESULT GYNIProof/CertBigRows_13_13_1.lean: exit=0 wall=23.2s peakWS=1,244MB peakPrivate=1,495MB (attempt 1)
== GYNIProof/CertBigRows_13_13_2.lean  (start 23:24:47)
   RESULT GYNIProof/CertBigRows_13_13_2.lean: exit=0 wall=12.2s peakWS=1,244MB peakPrivate=1,489MB (attempt 1)
== GYNIProof/CertBigRows_13_13_3.lean  (start 23:25:01)
   RESULT GYNIProof/CertBigRows_13_13_3.lean: exit=0 wall=9.9s peakWS=1,253MB peakPrivate=1,512MB (attempt 1)
== GYNIProof/CertBigRows_13_13_4.lean  (start 23:25:13)
   RESULT GYNIProof/CertBigRows_13_13_4.lean: exit=0 wall=13.3s peakWS=1,282MB peakPrivate=1,534MB (attempt 1)
== GYNIProof/CertBigRows_13_13_5.lean  (start 23:25:28)
   RESULT GYNIProof/CertBigRows_13_13_5.lean: exit=0 wall=16.1s peakWS=1,289MB peakPrivate=1,564MB (attempt 1)
== GYNIProof/CertBigRows_13_13_6.lean  (start 23:25:46)
   RESULT GYNIProof/CertBigRows_13_13_6.lean: exit=0 wall=34.9s peakWS=1,325MB peakPrivate=1,583MB (attempt 1)
== GYNIProof/CertBigRows_13_13_7.lean  (start 23:26:22)
   RESULT GYNIProof/CertBigRows_13_13_7.lean: exit=0 wall=27.1s peakWS=1,339MB peakPrivate=1,616MB (attempt 1)
== GYNIProof/CertBigRows_13_13_8.lean  (start 23:26:51)
   RESULT GYNIProof/CertBigRows_13_13_8.lean: exit=0 wall=25.5s peakWS=1,347MB peakPrivate=1,619MB (attempt 1)
== GYNIProof/CertBigRows_13_13_9.lean  (start 23:27:18)
   RESULT GYNIProof/CertBigRows_13_13_9.lean: exit=0 wall=40.0s peakWS=1,373MB peakPrivate=1,630MB (attempt 1)
== GYNIProof/CertBigRows_13_13_10.lean  (start 23:28:00)
   RESULT GYNIProof/CertBigRows_13_13_10.lean: exit=0 wall=18.8s peakWS=1,364MB peakPrivate=1,618MB (attempt 1)
== GYNIProof/CertBigRows_13_13_11.lean  (start 23:28:21)
   RESULT GYNIProof/CertBigRows_13_13_11.lean: exit=0 wall=24.4s peakWS=1,394MB peakPrivate=1,642MB (attempt 1)
== GYNIProof/CertBigRows_13_13_12.lean  (start 23:28:47)
   RESULT GYNIProof/CertBigRows_13_13_12.lean: exit=0 wall=42.5s peakWS=1,412MB peakPrivate=1,670MB (attempt 1)
== GYNIProof/CertBigRows_13_13_13.lean  (start 23:29:32)
   RESULT GYNIProof/CertBigRows_13_13_13.lean: exit=0 wall=31.4s peakWS=1,426MB peakPrivate=1,695MB (attempt 1)
== GYNIProof/CertBigRows_13_13_14.lean  (start 23:30:05)
   RESULT GYNIProof/CertBigRows_13_13_14.lean: exit=0 wall=18.2s peakWS=1,424MB peakPrivate=1,693MB (attempt 1)
== GYNIProof/CertBigRows_13_13_15.lean  (start 23:30:25)
   RESULT GYNIProof/CertBigRows_13_13_15.lean: exit=0 wall=50.1s peakWS=1,467MB peakPrivate=1,736MB (attempt 1)
== GYNIProof/CertBig_13_13.lean  (start 23:31:17)
   RESULT GYNIProof/CertBig_13_13.lean: exit=0 wall=103.0s peakWS=3,464MB peakPrivate=8,276MB (attempt 1)
== GYNIProof/Main.lean  (start 23:33:02)
   RESULT GYNIProof/Main.lean: exit=0 wall=40.2s peakWS=3,556MB peakPrivate=9,531MB (attempt 1)
== GYNIProof/AxiomsMain.lean  (start 23:33:44)
'GYNIProof.cert_0_0' depends on axioms: [propext, Classical.choice, Quot.sound]
'GYNIProof.cert_0_13' depends on axioms: [propext, Classical.choice, Quot.sound]
'GYNIProof.cert_13_13' depends on axioms: [propext, Classical.choice, Quot.sound]
'GYNIProof.bigBlocksPSD' depends on axioms: [propext, Classical.choice, Quot.sound]
'GYNIProof.Wc_isProcess'' depends on axioms: [propext, Classical.choice, Quot.sound]
'GYNIProof.gyni_lower_bound_exact' depends on axioms: [propext, Classical.choice, Quot.sound]
'GYNIProof.gyni_lower_bound' depends on axioms: [propext, Classical.choice, Quot.sound]
'GYNIProof.gyni_lower_bound_beats_previous' depends on axioms: [propext, Classical.choice, Quot.sound]
   RESULT GYNIProof/AxiomsMain.lean: exit=0 wall=35.0s peakWS=3,336MB peakPrivate=9,543MB (attempt 1)
== forbidden keywords (sorry/admit/axiom/native_decide) in GYNIProof/**/*.lean:
none
== check_big.sh done: 2685 s
