# clean re-check of GYNIUpper (Lemma 1 + upper bound), 2026-09-29 07:59:32
== GYNIUpper/LuedersChoi.lean  (start 07:59:32)
   RESULT GYNIUpper/LuedersChoi.lean: exit=0 wall=79.5s peakWS=3,479MB peakPrivate=8,021MB (attempt 1)
== GYNIUpper/LuedersDilation.lean  (start 08:00:54)
   RESULT GYNIUpper/LuedersDilation.lean: exit=0 wall=35.9s peakWS=3,511MB peakPrivate=8,080MB (attempt 1)
== GYNIUpper/LuedersNormalForm.lean  (start 08:01:31)
   RESULT GYNIUpper/LuedersNormalForm.lean: exit=0 wall=30.9s peakWS=3,471MB peakPrivate=8,012MB (attempt 1)
== GYNIUpper/AxiomsLueders.lean  (start 08:02:04)
'GYNIUpper.lueders_normal_form' depends on axioms: [propext, Classical.choice, Quot.sound]
'GYNIUpper.lueders_normal_form_choi' depends on axioms: [propext, Classical.choice, Quot.sound]
'GYNIUpper.luedersProcess_spec' depends on axioms: [propext, Classical.choice, Quot.sound]
'GYNIUpper.isInstrument_luedersInstr' depends on axioms: [propext, Classical.choice, Quot.sound]
'GYNIUpper.luedersInstr_eq_choiMatrix' depends on axioms: [propext, Classical.choice, Quot.sound]
CStarMatrix constants: []
   RESULT GYNIUpper/AxiomsLueders.lean: exit=0 wall=27.0s peakWS=3,209MB peakPrivate=7,943MB (attempt 1)
== forbidden keywords (sorry/admit/axiom/native_decide) in the Lueders files:
none
== check_lueders.sh done: 181 s
LUEDERS_EXIT=0
== GYNIUpper/UBCheck.lean  (start 08:02:33)
   RESULT GYNIUpper/UBCheck.lean: exit=0 wall=3.4s peakWS=275MB peakPrivate=510MB (attempt 1)
== GYNIUpper/UBBasic.lean  (start 08:02:38)
   RESULT GYNIUpper/UBBasic.lean: exit=0 wall=27.5s peakWS=3,463MB peakPrivate=7,998MB (attempt 1)
== GYNIUpper/UBScalarTrace.lean  (start 08:03:08)
   RESULT GYNIUpper/UBScalarTrace.lean: exit=0 wall=32.5s peakWS=3,492MB peakPrivate=8,057MB (attempt 1)
== GYNIUpper/UBMoment.lean  (start 08:03:42)
   RESULT GYNIUpper/UBMoment.lean: exit=0 wall=33.0s peakWS=3,484MB peakPrivate=8,020MB (attempt 1)
== GYNIUpper/UBDuality.lean  (start 08:04:17)
   RESULT GYNIUpper/UBDuality.lean: exit=0 wall=31.4s peakWS=3,466MB peakPrivate=8,005MB (attempt 1)
== GYNIUpper/UBPacked.lean  (start 08:04:50)
   RESULT GYNIUpper/UBPacked.lean: exit=0 wall=29.1s peakWS=3,492MB peakPrivate=8,062MB (attempt 1)
== GYNIUpper/UBPSD.lean  (start 08:05:21)
   RESULT GYNIUpper/UBPSD.lean: exit=0 wall=28.6s peakWS=3,496MB peakPrivate=8,075MB (attempt 1)
== GYNIUpper/UBClass.lean  (start 08:05:52)
   RESULT GYNIUpper/UBClass.lean: exit=0 wall=27.5s peakWS=3,461MB peakPrivate=8,023MB (attempt 1)
== GYNIUpper/UBLevel.lean  (start 08:06:21)
   RESULT GYNIUpper/UBLevel.lean: exit=0 wall=31.9s peakWS=3,447MB peakPrivate=8,005MB (attempt 1)
== GYNIUpper/UBLevelMain.lean  (start 08:06:54)
   RESULT GYNIUpper/UBLevelMain.lean: exit=0 wall=35.2s peakWS=3,480MB peakPrivate=8,034MB (attempt 1)
== GYNIUpper/UBBridge.lean  (start 08:07:31)
   RESULT GYNIUpper/UBBridge.lean: exit=0 wall=29.7s peakWS=3,427MB peakPrivate=7,965MB (attempt 1)
== GYNIUpper/L2/Params.lean  (start 08:08:03)
   RESULT GYNIUpper/L2/Params.lean: exit=0 wall=3.4s peakWS=277MB peakPrivate=465MB (attempt 1)
== GYNIUpper/L2/Phi00.lean  (start 08:08:08)
   RESULT GYNIUpper/L2/Phi00.lean: exit=0 wall=3.4s peakWS=217MB peakPrivate=445MB (attempt 1)
== GYNIUpper/L2/Phi01.lean  (start 08:08:13)
   RESULT GYNIUpper/L2/Phi01.lean: exit=0 wall=2.8s peakWS=58MB peakPrivate=375MB (attempt 1)
== GYNIUpper/L2/Phi10.lean  (start 08:08:18)
   RESULT GYNIUpper/L2/Phi10.lean: exit=0 wall=3.4s peakWS=56MB peakPrivate=346MB (attempt 1)
== GYNIUpper/L2/Phi11.lean  (start 08:08:23)
   RESULT GYNIUpper/L2/Phi11.lean: exit=0 wall=3.4s peakWS=266MB peakPrivate=479MB (attempt 1)
== GYNIUpper/L2/Fac00.lean  (start 08:08:28)
   RESULT GYNIUpper/L2/Fac00.lean: exit=0 wall=2.9s peakWS=192MB peakPrivate=442MB (attempt 1)
== GYNIUpper/L2/Fac01.lean  (start 08:08:33)
   RESULT GYNIUpper/L2/Fac01.lean: exit=0 wall=2.8s peakWS=59MB peakPrivate=382MB (attempt 1)
== GYNIUpper/L2/Fac10.lean  (start 08:08:38)
   RESULT GYNIUpper/L2/Fac10.lean: exit=0 wall=2.8s peakWS=57MB peakPrivate=355MB (attempt 1)
== GYNIUpper/L2/Fac11.lean  (start 08:08:42)
   RESULT GYNIUpper/L2/Fac11.lean: exit=0 wall=3.3s peakWS=59MB peakPrivate=379MB (attempt 1)
== GYNIUpper/L2/Col00.lean  (start 08:08:48)
   RESULT GYNIUpper/L2/Col00.lean: exit=0 wall=3.9s peakWS=64MB peakPrivate=430MB (attempt 1)
== GYNIUpper/L2/Col01.lean  (start 08:08:53)
   RESULT GYNIUpper/L2/Col01.lean: exit=0 wall=2.8s peakWS=62MB peakPrivate=415MB (attempt 1)
== GYNIUpper/L2/Col10.lean  (start 08:08:58)
   RESULT GYNIUpper/L2/Col10.lean: exit=0 wall=2.8s peakWS=57MB peakPrivate=361MB (attempt 1)
== GYNIUpper/L2/Col11.lean  (start 08:09:02)
   RESULT GYNIUpper/L2/Col11.lean: exit=0 wall=2.8s peakWS=60MB peakPrivate=385MB (attempt 1)
== GYNIUpper/L2/Blocks.lean  (start 08:09:07)
   RESULT GYNIUpper/L2/Blocks.lean: exit=0 wall=2.8s peakWS=64MB peakPrivate=430MB (attempt 1)
== GYNIUpper/L2/ChkCA_0.lean  (start 08:09:11)
   RESULT GYNIUpper/L2/ChkCA_0.lean: exit=0 wall=3.9s peakWS=227MB peakPrivate=452MB (attempt 1)
== GYNIUpper/L2/ChkCA_1.lean  (start 08:09:17)
   RESULT GYNIUpper/L2/ChkCA_1.lean: exit=0 wall=3.4s peakWS=281MB peakPrivate=519MB (attempt 1)
== GYNIUpper/L2/ChkCB_0.lean  (start 08:09:22)
   RESULT GYNIUpper/L2/ChkCB_0.lean: exit=0 wall=3.3s peakWS=265MB peakPrivate=503MB (attempt 1)
== GYNIUpper/L2/ChkCB_1.lean  (start 08:09:27)
   RESULT GYNIUpper/L2/ChkCB_1.lean: exit=0 wall=3.4s peakWS=62MB peakPrivate=409MB (attempt 1)
== GYNIUpper/L2/ChkCol00.lean  (start 08:09:33)
   RESULT GYNIUpper/L2/ChkCol00.lean: exit=0 wall=3.9s peakWS=118MB peakPrivate=440MB (attempt 1)
== GYNIUpper/L2/ChkCol01.lean  (start 08:09:39)
   RESULT GYNIUpper/L2/ChkCol01.lean: exit=0 wall=3.4s peakWS=230MB peakPrivate=450MB (attempt 1)
== GYNIUpper/L2/ChkCol10.lean  (start 08:09:44)
   RESULT GYNIUpper/L2/ChkCol10.lean: exit=0 wall=3.9s peakWS=227MB peakPrivate=448MB (attempt 1)
== GYNIUpper/L2/ChkCol11.lean  (start 08:09:50)
   RESULT GYNIUpper/L2/ChkCol11.lean: exit=0 wall=3.9s peakWS=64MB peakPrivate=430MB (attempt 1)
== GYNIUpper/L2/ChkRows00_0.lean  (start 08:09:56)
   RESULT GYNIUpper/L2/ChkRows00_0.lean: exit=0 wall=3.9s peakWS=338MB peakPrivate=594MB (attempt 1)
== GYNIUpper/L2/ChkRows01_0.lean  (start 08:10:01)
   RESULT GYNIUpper/L2/ChkRows01_0.lean: exit=0 wall=3.9s peakWS=366MB peakPrivate=627MB (attempt 1)
== GYNIUpper/L2/ChkRows10_0.lean  (start 08:10:07)
   RESULT GYNIUpper/L2/ChkRows10_0.lean: exit=0 wall=4.4s peakWS=326MB peakPrivate=595MB (attempt 1)
== GYNIUpper/L2/ChkRows11_0.lean  (start 08:10:14)
   RESULT GYNIUpper/L2/ChkRows11_0.lean: exit=0 wall=4.4s peakWS=311MB peakPrivate=563MB (attempt 1)
== GYNIUpper/L2/ChkSym00.lean  (start 08:10:20)
   RESULT GYNIUpper/L2/ChkSym00.lean: exit=0 wall=3.4s peakWS=60MB peakPrivate=390MB (attempt 1)
== GYNIUpper/L2/ChkSym01.lean  (start 08:10:25)
   RESULT GYNIUpper/L2/ChkSym01.lean: exit=0 wall=3.4s peakWS=53MB peakPrivate=294MB (attempt 1)
== GYNIUpper/L2/ChkSym10.lean  (start 08:10:30)
   RESULT GYNIUpper/L2/ChkSym10.lean: exit=0 wall=3.4s peakWS=272MB peakPrivate=508MB (attempt 1)
== GYNIUpper/L2/ChkSym11.lean  (start 08:10:35)
   RESULT GYNIUpper/L2/ChkSym11.lean: exit=0 wall=3.4s peakWS=245MB peakPrivate=461MB (attempt 1)
== GYNIUpper/L2/ChkTab.lean  (start 08:10:41)
   RESULT GYNIUpper/L2/ChkTab.lean: exit=0 wall=3.9s peakWS=239MB peakPrivate=458MB (attempt 1)
== GYNIUpper/L2/Main.lean  (start 08:10:46)
   RESULT GYNIUpper/L2/Main.lean: exit=0 wall=29.7s peakWS=3,442MB peakPrivate=8,010MB (attempt 1)
== GYNIUpper/L8/Params.lean  (start 08:11:18)
   RESULT GYNIUpper/L8/Params.lean: exit=0 wall=3.9s peakWS=151MB peakPrivate=441MB (attempt 1)
== GYNIUpper/L8/Phi00.lean  (start 08:11:24)
   RESULT GYNIUpper/L8/Phi00.lean: exit=0 wall=5.5s peakWS=269MB peakPrivate=501MB (attempt 1)
== GYNIUpper/L8/Phi01.lean  (start 08:11:31)
   RESULT GYNIUpper/L8/Phi01.lean: exit=0 wall=5.5s peakWS=269MB peakPrivate=500MB (attempt 1)
== GYNIUpper/L8/Phi10.lean  (start 08:11:38)
   RESULT GYNIUpper/L8/Phi10.lean: exit=0 wall=5.5s peakWS=269MB peakPrivate=500MB (attempt 1)
== GYNIUpper/L8/Phi11.lean  (start 08:11:45)
   RESULT GYNIUpper/L8/Phi11.lean: exit=0 wall=5.5s peakWS=269MB peakPrivate=501MB (attempt 1)
== GYNIUpper/L8/Fac00.lean  (start 08:11:53)
   RESULT GYNIUpper/L8/Fac00.lean: exit=0 wall=3.9s peakWS=265MB peakPrivate=500MB (attempt 1)
== GYNIUpper/L8/Fac01.lean  (start 08:11:58)
   RESULT GYNIUpper/L8/Fac01.lean: exit=0 wall=3.9s peakWS=265MB peakPrivate=500MB (attempt 1)
== GYNIUpper/L8/Fac10.lean  (start 08:12:04)
   RESULT GYNIUpper/L8/Fac10.lean: exit=0 wall=3.9s peakWS=265MB peakPrivate=500MB (attempt 1)
== GYNIUpper/L8/Fac11.lean  (start 08:12:09)
   RESULT GYNIUpper/L8/Fac11.lean: exit=0 wall=4.5s peakWS=264MB peakPrivate=499MB (attempt 1)
== GYNIUpper/L8/Col00.lean  (start 08:12:15)
   RESULT GYNIUpper/L8/Col00.lean: exit=0 wall=12.1s peakWS=279MB peakPrivate=487MB (attempt 1)
== GYNIUpper/L8/Col01.lean  (start 08:12:29)
   RESULT GYNIUpper/L8/Col01.lean: exit=0 wall=14.4s peakWS=279MB peakPrivate=488MB (attempt 1)
== GYNIUpper/L8/Col10.lean  (start 08:12:46)
   RESULT GYNIUpper/L8/Col10.lean: exit=0 wall=13.3s peakWS=279MB peakPrivate=488MB (attempt 1)
== GYNIUpper/L8/Col11.lean  (start 08:13:01)
   RESULT GYNIUpper/L8/Col11.lean: exit=0 wall=13.2s peakWS=279MB peakPrivate=488MB (attempt 1)
== GYNIUpper/L8/Blocks.lean  (start 08:13:16)
   RESULT GYNIUpper/L8/Blocks.lean: exit=0 wall=2.8s peakWS=59MB peakPrivate=380MB (attempt 1)
== GYNIUpper/L8/ChkCA_0.lean  (start 08:13:20)
   RESULT GYNIUpper/L8/ChkCA_0.lean: exit=0 wall=25.8s peakWS=1,211MB peakPrivate=1,465MB (attempt 1)
== GYNIUpper/L8/ChkCA_1.lean  (start 08:13:48)
   RESULT GYNIUpper/L8/ChkCA_1.lean: exit=0 wall=25.7s peakWS=1,323MB peakPrivate=1,572MB (attempt 1)
== GYNIUpper/L8/ChkCB_0.lean  (start 08:14:15)
   RESULT GYNIUpper/L8/ChkCB_0.lean: exit=0 wall=28.7s peakWS=1,218MB peakPrivate=1,465MB (attempt 1)
== GYNIUpper/L8/ChkCB_1.lean  (start 08:14:46)
   RESULT GYNIUpper/L8/ChkCB_1.lean: exit=0 wall=26.8s peakWS=1,487MB peakPrivate=1,742MB (attempt 1)
== GYNIUpper/L8/ChkCol00.lean  (start 08:15:14)
   RESULT GYNIUpper/L8/ChkCol00.lean: exit=0 wall=36.8s peakWS=1,263MB peakPrivate=1,478MB (attempt 1)
== GYNIUpper/L8/ChkCol01.lean  (start 08:15:53)
   RESULT GYNIUpper/L8/ChkCol01.lean: exit=0 wall=38.0s peakWS=1,344MB peakPrivate=1,602MB (attempt 1)
== GYNIUpper/L8/ChkCol10.lean  (start 08:16:32)
   RESULT GYNIUpper/L8/ChkCol10.lean: exit=0 wall=29.1s peakWS=1,304MB peakPrivate=1,559MB (attempt 1)
== GYNIUpper/L8/ChkCol11.lean  (start 08:17:03)
   RESULT GYNIUpper/L8/ChkCol11.lean: exit=0 wall=30.8s peakWS=1,365MB peakPrivate=1,650MB (attempt 1)
== GYNIUpper/L8/ChkRows00_0.lean  (start 08:17:36)
   RESULT GYNIUpper/L8/ChkRows00_0.lean: exit=0 wall=163.9s peakWS=2,349MB peakPrivate=2,637MB (attempt 1)
== GYNIUpper/L8/ChkRows01_0.lean  (start 08:20:21)
   RESULT GYNIUpper/L8/ChkRows01_0.lean: exit=0 wall=158.7s peakWS=2,361MB peakPrivate=2,650MB (attempt 1)
== GYNIUpper/L8/ChkRows10_0.lean  (start 08:23:02)
   RESULT GYNIUpper/L8/ChkRows10_0.lean: exit=0 wall=155.0s peakWS=2,231MB peakPrivate=2,492MB (attempt 1)
== GYNIUpper/L8/ChkRows11_0.lean  (start 08:25:38)
   RESULT GYNIUpper/L8/ChkRows11_0.lean: exit=0 wall=191.8s peakWS=2,291MB peakPrivate=2,581MB (attempt 1)
== GYNIUpper/L8/ChkSym00.lean  (start 08:28:52)
   RESULT GYNIUpper/L8/ChkSym00.lean: exit=0 wall=8.8s peakWS=1,385MB peakPrivate=1,642MB (attempt 1)
== GYNIUpper/L8/ChkSym01.lean  (start 08:29:03)
   RESULT GYNIUpper/L8/ChkSym01.lean: exit=0 wall=9.9s peakWS=1,385MB peakPrivate=1,610MB (attempt 1)
== GYNIUpper/L8/ChkSym10.lean  (start 08:29:14)
   RESULT GYNIUpper/L8/ChkSym10.lean: exit=0 wall=9.9s peakWS=1,385MB peakPrivate=1,643MB (attempt 1)
== GYNIUpper/L8/ChkSym11.lean  (start 08:29:26)
   RESULT GYNIUpper/L8/ChkSym11.lean: exit=0 wall=9.3s peakWS=1,385MB peakPrivate=1,610MB (attempt 1)
== GYNIUpper/L8/ChkTab.lean  (start 08:29:37)
   RESULT GYNIUpper/L8/ChkTab.lean: exit=0 wall=5.0s peakWS=663MB peakPrivate=885MB (attempt 1)
== GYNIUpper/L8/Main.lean  (start 08:29:44)
   RESULT GYNIUpper/L8/Main.lean: exit=0 wall=25.9s peakWS=3,464MB peakPrivate=8,055MB (attempt 1)
== GYNIUpper/UpperBound.lean  (start 08:30:11)
   RESULT GYNIUpper/UpperBound.lean: exit=0 wall=27.6s peakWS=3,423MB peakPrivate=7,996MB (attempt 1)
== GYNIUpper/AxiomsUpper.lean  (start 08:30:41)
'GYNIUpperBound.gyni_upper_bound' depends on axioms: [propext, Classical.choice, Quot.sound]
'GYNIUpperBound.gyni_upper_bound_decimal' depends on axioms: [propext, Classical.choice, Quot.sound]
'GYNIUpperBound.gyni_upper_bound_level2' depends on axioms: [propext, Classical.choice, Quot.sound]
'GYNIUpperBound.L8.gyni_le_lueders' depends on axioms: [propext, Classical.choice, Quot.sound]
'GYNIUpperBound.L2.gyni_le_lueders' depends on axioms: [propext, Classical.choice, Quot.sound]
'GYNIUpperBound.gyni_le_level' depends on axioms: [propext, Classical.choice, Quot.sound]
'GYNIUpperBound.gyni_le_of_dual' depends on axioms: [propext, Classical.choice, Quot.sound]
'GYNIUpperBound.v2_identity' depends on axioms: [propext, Classical.choice, Quot.sound]
'GYNIUpperBound.trace_kron_of_scalar' depends on axioms: [propext, Classical.choice, Quot.sound]
'GYNIUpperBound.psd_of_rowsChk' depends on axioms: [propext, Classical.choice, Quot.sound]
'GYNIUpperBound.exists_lueders_form' depends on axioms: [propext, Classical.choice, Quot.sound]
   RESULT GYNIUpper/AxiomsUpper.lean: exit=0 wall=36.9s peakWS=3,202MB peakPrivate=8,002MB (attempt 1)
== forbidden keywords (sorry/admit/axiom/native_decide) in GYNIUpper/**/*.lean:
none
== check_upper.sh done: 1726 s
UPPER_EXIT=0
