== GYNIProof/IntLit.lean  (start 22:01:44)
   RESULT GYNIProof/IntLit.lean: exit=0 wall=5.0s peakWS=231MB peakPrivate=451MB (attempt 1)
== GYNIProof/Data.lean  (start 22:01:51)
   RESULT GYNIProof/Data.lean: exit=0 wall=12.6s peakWS=711MB peakPrivate=943MB (attempt 1)
== GYNIProof/Core.lean  (start 22:02:06)
   RESULT GYNIProof/Core.lean: exit=0 wall=16.0s peakWS=1,588MB peakPrivate=1,825MB (attempt 1)
== GYNIProof/ValueData.lean  (start 22:02:23)
   RESULT GYNIProof/ValueData.lean: exit=0 wall=3.4s peakWS=151MB peakPrivate=441MB (attempt 1)
== GYNIProof/ValueTabs.lean  (start 22:02:29)
   RESULT GYNIProof/ValueTabs.lean: exit=0 wall=3.4s peakWS=149MB peakPrivate=442MB (attempt 1)
== GYNIProof/ValueCore.lean  (start 22:02:34)
   RESULT GYNIProof/ValueCore.lean: exit=0 wall=16.0s peakWS=796MB peakPrivate=1,037MB (attempt 1)
== GYNIProof/ValueQ.lean  (start 22:02:52)
   RESULT GYNIProof/ValueQ.lean: exit=0 wall=15.5s peakWS=608MB peakPrivate=844MB (attempt 1)
== GYNIProof/CertSmall0.lean  (start 22:03:09)
   RESULT GYNIProof/CertSmall0.lean: exit=0 wall=40.1s peakWS=821MB peakPrivate=1,092MB (attempt 1)
== GYNIProof/CertSmall1.lean  (start 22:03:51)
   RESULT GYNIProof/CertSmall1.lean: exit=0 wall=40.0s peakWS=821MB peakPrivate=1,061MB (attempt 1)
== GYNIProof/CertSmall2.lean  (start 22:04:33)
   RESULT GYNIProof/CertSmall2.lean: exit=0 wall=37.3s peakWS=794MB peakPrivate=1,032MB (attempt 1)
== GYNIProof/CertSmall3.lean  (start 22:05:12)
   RESULT GYNIProof/CertSmall3.lean: exit=0 wall=39.1s peakWS=826MB peakPrivate=1,065MB (attempt 1)
== GYNIProof/CertSmall4.lean  (start 22:05:53)
   RESULT GYNIProof/CertSmall4.lean: exit=0 wall=40.0s peakWS=853MB peakPrivate=1,091MB (attempt 1)
== GYNIProof/CertSmall5.lean  (start 22:06:35)
   RESULT GYNIProof/CertSmall5.lean: exit=0 wall=41.2s peakWS=821MB peakPrivate=1,052MB (attempt 1)
== GYNIProof/CertSmall6.lean  (start 22:07:18)
   RESULT GYNIProof/CertSmall6.lean: exit=0 wall=39.0s peakWS=826MB peakPrivate=1,065MB (attempt 1)
== GYNIProof/CertSmall7.lean  (start 22:07:59)
   RESULT GYNIProof/CertSmall7.lean: exit=0 wall=32.9s peakWS=757MB peakPrivate=981MB (attempt 1)
== GYNIProof/CertMid0.lean  (start 22:08:34)
   RESULT GYNIProof/CertMid0.lean: exit=0 wall=105.2s peakWS=2,012MB peakPrivate=2,234MB (attempt 1)
== GYNIProof/CertMid1.lean  (start 22:10:21)
   RESULT GYNIProof/CertMid1.lean: exit=0 wall=143.2s peakWS=2,010MB peakPrivate=2,235MB (attempt 1)
== GYNIProof/CertMid2.lean  (start 22:12:46)
   RESULT GYNIProof/CertMid2.lean: exit=0 wall=111.9s peakWS=2,004MB peakPrivate=2,233MB (attempt 1)
== GYNIProof/CertMid3.lean  (start 22:14:39)
   RESULT GYNIProof/CertMid3.lean: exit=0 wall=131.9s peakWS=2,000MB peakPrivate=2,234MB (attempt 1)
== GYNIProof/CertMid4.lean  (start 22:16:53)
   RESULT GYNIProof/CertMid4.lean: exit=0 wall=115.8s peakWS=2,008MB peakPrivate=2,233MB (attempt 1)
== GYNIProof/CertMid5.lean  (start 22:18:51)
   RESULT GYNIProof/CertMid5.lean: exit=0 wall=154.1s peakWS=2,012MB peakPrivate=2,240MB (attempt 1)
== GYNIProof/CertMid6.lean  (start 22:21:27)
   RESULT GYNIProof/CertMid6.lean: exit=0 wall=106.9s peakWS=2,010MB peakPrivate=2,229MB (attempt 1)
== GYNIProof/CertMid7.lean  (start 22:23:16)
   RESULT GYNIProof/CertMid7.lean: exit=0 wall=126.0s peakWS=2,028MB peakPrivate=2,232MB (attempt 1)
== GYNIProof/CertMid8.lean  (start 22:25:24)
   RESULT GYNIProof/CertMid8.lean: exit=0 wall=123.7s peakWS=2,022MB peakPrivate=2,262MB (attempt 1)
== GYNIProof/CertMid9.lean  (start 22:27:29)
   RESULT GYNIProof/CertMid9.lean: exit=0 wall=133.4s peakWS=2,036MB peakPrivate=2,265MB (attempt 1)
== GYNIProof/CertMid10.lean  (start 22:29:44)
   RESULT GYNIProof/CertMid10.lean: exit=0 wall=144.4s peakWS=2,035MB peakPrivate=2,265MB (attempt 1)
== GYNIProof/CertMid11.lean  (start 22:32:11)
   RESULT GYNIProof/CertMid11.lean: exit=0 wall=142.4s peakWS=2,044MB peakPrivate=2,281MB (attempt 1)
== GYNIProof/CertMid12.lean  (start 22:34:35)
   RESULT GYNIProof/CertMid12.lean: exit=0 wall=110.7s peakWS=2,003MB peakPrivate=2,234MB (attempt 1)
== GYNIProof/CertMid13.lean  (start 22:36:28)
   RESULT GYNIProof/CertMid13.lean: exit=0 wall=104.6s peakWS=2,003MB peakPrivate=2,231MB (attempt 1)
== GYNIProof/CertMid14.lean  (start 22:38:14)
   RESULT GYNIProof/CertMid14.lean: exit=0 wall=115.4s peakWS=2,011MB peakPrivate=2,229MB (attempt 1)
== GYNIProof/CertMid15.lean  (start 22:40:11)
   RESULT GYNIProof/CertMid15.lean: exit=0 wall=135.6s peakWS=1,998MB peakPrivate=2,234MB (attempt 1)
== GYNIProof/Defs.lean  (start 22:42:29)
   RESULT GYNIProof/Defs.lean: exit=0 wall=107.2s peakWS=3,213MB peakPrivate=7,944MB (attempt 1)
== GYNIProof/Structure.lean  (start 22:44:18)
GYNIProof/Structure.lean:39:0: warning: automatically included section variable(s) unused in theorem `GYNIProof.formW_eq`:
  [Fintype AO]
  [Fintype BO]
consider restructuring your `variable` declarations so that the variables are not in scope or explicitly omit them:
  omit [Fintype AO] [Fintype BO] in theorem ...

Note: This linter can be disabled with `set_option linter.unusedSectionVars false`
GYNIProof/Structure.lean:51:65: warning: This simp argument is unused:
  Finset.sum_ite_eq

Hint: Omit it from the simp argument list.
  [apply] simp [h, Matrix.single_apply, Matrix.one_apply, ite_and, Finset.sum_ite_eq']

Note: This linter can be disabled with `set_option linter.unusedSimpArgs false`
GYNIProof/Structure.lean:53:17: warning: This simp argument is unused:
  Matrix.one_apply

Hint: Omit it from the simp argument list.
  [apply] simp [h]

Note: This linter can be disabled with `set_option linter.unusedSimpArgs false`
GYNIProof/Structure.lean:55:65: warning: This simp argument is unused:
  Finset.sum_ite_eq

Hint: Omit it from the simp argument list.
  [apply] simp [h, Matrix.single_apply, Matrix.one_apply, ite_and, Finset.sum_ite_eq']

Note: This linter can be disabled with `set_option linter.unusedSimpArgs false`
GYNIProof/Structure.lean:57:17: warning: This simp argument is unused:
  Matrix.one_apply

Hint: Omit it from the simp argument list.
  [apply] simp [h]

Note: This linter can be disabled with `set_option linter.unusedSimpArgs false`
GYNIProof/Structure.lean:68:69: warning: This simp argument is unused:
  Finset.sum_ite_eq'

Hint: Omit it from the simp argument list.
  [apply] simp only [ite_and, ite_mul, one_mul, zero_mul, Finset.sum_ite_eq, Finset.mem_univ, if_true,
    Finset.sum_ite_irrel, Finset.sum_const_zero]

Note: This linter can be disabled with `set_option linter.unusedSimpArgs false`
GYNIProof/Structure.lean:110:0: warning: automatically included section variable(s) unused in theorem `GYNIProof.formW_map`:
  [Fintype AI]
  [Fintype AO]
  [Fintype BI]
  [Fintype BO]
consider restructuring your `variable` declarations so that the variables are not in scope or explicitly omit them:
  omit [Fintype AI] [Fintype AO] [Fintype BI] [Fintype BO] in theorem ...

Note: This linter can be disabled with `set_option linter.unusedSectionVars false`
GYNIProof/Structure.lean:118:0: warning: automatically included section variable(s) unused in theorem `GYNIProof.formW_smul`:
  [Fintype AI]
  [Fintype AO]
  [Fintype BI]
  [Fintype BO]
consider restructuring your `variable` declarations so that the variables are not in scope or explicitly omit them:
  omit [Fintype AI] [Fintype AO] [Fintype BI] [Fintype BO] in theorem ...

Note: This linter can be disabled with `set_option linter.unusedSectionVars false`
   RESULT GYNIProof/Structure.lean: exit=0 wall=38.6s peakWS=3,462MB peakPrivate=7,999MB (attempt 1)
== GYNIProof/BlockPSD.lean  (start 22:44:59)
   RESULT GYNIProof/BlockPSD.lean: exit=0 wall=39.3s peakWS=3,533MB peakPrivate=8,087MB (attempt 1)
== GYNIProof/Model.lean  (start 22:45:40)
GYNIProof/Model.lean:171:4: warning: Unused tactic linter: `beta_reduce  at key` does nothing

Note: This linter can be disabled with `set_option linter.unusedTactic false`
   RESULT GYNIProof/Model.lean: exit=0 wall=38.1s peakWS=3,517MB peakPrivate=8,075MB (attempt 1)
== GYNIProof/Value.lean  (start 22:46:20)
   RESULT GYNIProof/Value.lean: exit=0 wall=37.0s peakWS=3,474MB peakPrivate=8,033MB (attempt 1)
== GYNIProof/BlockCerts.lean  (start 22:46:59)
GYNIProof/BlockCerts.lean:1438:24: warning: Variable name `hbig` is not explicitly referenced.

Hint: The binding can be removed (if unused) or named `_` (if used implicitly). Alternatively, prefix the name with `_` to silence this warning:
  [apply] _hbig

Note: This linter can be disabled with `set_option linter.unusedVariables false`
GYNIProof/BlockCerts.lean:1444:24: warning: Variable name `hbig` is not explicitly referenced.

Hint: The binding can be removed (if unused) or named `_` (if used implicitly). Alternatively, prefix the name with `_` to silence this warning:
  [apply] _hbig

Note: This linter can be disabled with `set_option linter.unusedVariables false`
GYNIProof/BlockCerts.lean:1450:24: warning: Variable name `hbig` is not explicitly referenced.

Hint: The binding can be removed (if unused) or named `_` (if used implicitly). Alternatively, prefix the name with `_` to silence this warning:
  [apply] _hbig

Note: This linter can be disabled with `set_option linter.unusedVariables false`
GYNIProof/BlockCerts.lean:1456:24: warning: Variable name `hbig` is not explicitly referenced.

Hint: The binding can be removed (if unused) or named `_` (if used implicitly). Alternatively, prefix the name with `_` to silence this warning:
  [apply] _hbig

Note: This linter can be disabled with `set_option linter.unusedVariables false`
GYNIProof/BlockCerts.lean:1462:24: warning: Variable name `hbig` is not explicitly referenced.

Hint: The binding can be removed (if unused) or named `_` (if used implicitly). Alternatively, prefix the name with `_` to silence this warning:
  [apply] _hbig

Note: This linter can be disabled with `set_option linter.unusedVariables false`
GYNIProof/BlockCerts.lean:1468:24: warning: Variable name `hbig` is not explicitly referenced.

Hint: The binding can be removed (if unused) or named `_` (if used implicitly). Alternatively, prefix the name with `_` to silence this warning:
  [apply] _hbig

Note: This linter can be disabled with `set_option linter.unusedVariables false`
GYNIProof/BlockCerts.lean:1474:24: warning: Variable name `hbig` is not explicitly referenced.

Hint: The binding can be removed (if unused) or named `_` (if used implicitly). Alternatively, prefix the name with `_` to silence this warning:
  [apply] _hbig

Note: This linter can be disabled with `set_option linter.unusedVariables false`
GYNIProof/BlockCerts.lean:1480:24: warning: Variable name `hbig` is not explicitly referenced.

Hint: The binding can be removed (if unused) or named `_` (if used implicitly). Alternatively, prefix the name with `_` to silence this warning:
  [apply] _hbig

Note: This linter can be disabled with `set_option linter.unusedVariables false`
GYNIProof/BlockCerts.lean:1486:24: warning: Variable name `hbig` is not explicitly referenced.

Hint: The binding can be removed (if unused) or named `_` (if used implicitly). Alternatively, prefix the name with `_` to silence this warning:
  [apply] _hbig

Note: This linter can be disabled with `set_option linter.unusedVariables false`
GYNIProof/BlockCerts.lean:1492:25: warning: Variable name `hbig` is not explicitly referenced.

Hint: The binding can be removed (if unused) or named `_` (if used implicitly). Alternatively, prefix the name with `_` to silence this warning:
  [apply] _hbig

Note: This linter can be disabled with `set_option linter.unusedVariables false`
GYNIProof/BlockCerts.lean:1498:25: warning: Variable name `hbig` is not explicitly referenced.

Hint: The binding can be removed (if unused) or named `_` (if used implicitly). Alternatively, prefix the name with `_` to silence this warning:
  [apply] _hbig

Note: This linter can be disabled with `set_option linter.unusedVariables false`
GYNIProof/BlockCerts.lean:1504:25: warning: Variable name `hbig` is not explicitly referenced.

Hint: The binding can be removed (if unused) or named `_` (if used implicitly). Alternatively, prefix the name with `_` to silence this warning:
  [apply] _hbig

Note: This linter can be disabled with `set_option linter.unusedVariables false`
GYNIProof/BlockCerts.lean:1516:25: warning: Variable name `hbig` is not explicitly referenced.

Hint: The binding can be removed (if unused) or named `_` (if used implicitly). Alternatively, prefix the name with `_` to silence this warning:
  [apply] _hbig

Note: This linter can be disabled with `set_option linter.unusedVariables false`
GYNIProof/BlockCerts.lean:1522:25: warning: Variable name `hbig` is not explicitly referenced.

Hint: The binding can be removed (if unused) or named `_` (if used implicitly). Alternatively, prefix the name with `_` to silence this warning:
  [apply] _hbig

Note: This linter can be disabled with `set_option linter.unusedVariables false`
GYNIProof/BlockCerts.lean:1528:25: warning: Variable name `hbig` is not explicitly referenced.

Hint: The binding can be removed (if unused) or named `_` (if used implicitly). Alternatively, prefix the name with `_` to silence this warning:
  [apply] _hbig

Note: This linter can be disabled with `set_option linter.unusedVariables false`
GYNIProof/BlockCerts.lean:1534:25: warning: Variable name `hbig` is not explicitly referenced.

Hint: The binding can be removed (if unused) or named `_` (if used implicitly). Alternatively, prefix the name with `_` to silence this warning:
  [apply] _hbig

Note: This linter can be disabled with `set_option linter.unusedVariables false`
GYNIProof/BlockCerts.lean:1540:25: warning: Variable name `hbig` is not explicitly referenced.

Hint: The binding can be removed (if unused) or named `_` (if used implicitly). Alternatively, prefix the name with `_` to silence this warning:
  [apply] _hbig

Note: This linter can be disabled with `set_option linter.unusedVariables false`
GYNIProof/BlockCerts.lean:1546:25: warning: Variable name `hbig` is not explicitly referenced.

Hint: The binding can be removed (if unused) or named `_` (if used implicitly). Alternatively, prefix the name with `_` to silence this warning:
  [apply] _hbig

Note: This linter can be disabled with `set_option linter.unusedVariables false`
GYNIProof/BlockCerts.lean:1552:25: warning: Variable name `hbig` is not explicitly referenced.

Hint: The binding can be removed (if unused) or named `_` (if used implicitly). Alternatively, prefix the name with `_` to silence this warning:
  [apply] _hbig

Note: This linter can be disabled with `set_option linter.unusedVariables false`
GYNIProof/BlockCerts.lean:1558:25: warning: Variable name `hbig` is not explicitly referenced.

Hint: The binding can be removed (if unused) or named `_` (if used implicitly). Alternatively, prefix the name with `_` to silence this warning:
  [apply] _hbig

Note: This linter can be disabled with `set_option linter.unusedVariables false`
GYNIProof/BlockCerts.lean:1564:25: warning: Variable name `hbig` is not explicitly referenced.

Hint: The binding can be removed (if unused) or named `_` (if used implicitly). Alternatively, prefix the name with `_` to silence this warning:
  [apply] _hbig

Note: This linter can be disabled with `set_option linter.unusedVariables false`
GYNIProof/BlockCerts.lean:1570:25: warning: Variable name `hbig` is not explicitly referenced.

Hint: The binding can be removed (if unused) or named `_` (if used implicitly). Alternatively, prefix the name with `_` to silence this warning:
  [apply] _hbig

Note: This linter can be disabled with `set_option linter.unusedVariables false`
GYNIProof/BlockCerts.lean:1576:25: warning: Variable name `hbig` is not explicitly referenced.

Hint: The binding can be removed (if unused) or named `_` (if used implicitly). Alternatively, prefix the name with `_` to silence this warning:
  [apply] _hbig

Note: This linter can be disabled with `set_option linter.unusedVariables false`
GYNIProof/BlockCerts.lean:1582:25: warning: Variable name `hbig` is not explicitly referenced.

Hint: The binding can be removed (if unused) or named `_` (if used implicitly). Alternatively, prefix the name with `_` to silence this warning:
  [apply] _hbig

Note: This linter can be disabled with `set_option linter.unusedVariables false`
   RESULT GYNIProof/BlockCerts.lean: exit=0 wall=38.6s peakWS=3,572MB peakPrivate=8,859MB (attempt 1)
== GYNIProof/PSD.lean  (start 22:47:39)
   RESULT GYNIProof/PSD.lean: exit=0 wall=37.0s peakWS=3,520MB peakPrivate=8,765MB (attempt 1)
== GYNIProof/LowerBound.lean  (start 22:48:18)
   RESULT GYNIProof/LowerBound.lean: exit=0 wall=37.2s peakWS=3,506MB peakPrivate=8,757MB (attempt 1)
== GYNIProof/Axioms.lean  (start 22:48:57)
'GYNIProof.trace_formW_of_tp' depends on axioms: [propext, Classical.choice, Quot.sound]
'GYNIProof.posSemidef_of_blocks' depends on axioms: [propext, Classical.choice, Quot.sound]
'GYNIProof.posSemidef_of_diagDom' depends on axioms: [propext, Classical.choice, Quot.sound]
'GYNIProof.posSemidef_of_cert' depends on axioms: [propext, Classical.choice, Quot.sound]
'GYNIProof.posSemidef_of_chk' depends on axioms: [propext, Classical.choice, Quot.sound]
'GYNIProof.Wc_normalized' depends on axioms: [propext, Classical.choice, Quot.sound]
'GYNIProof.Mc_instrument' depends on axioms: [propext, Classical.choice, Quot.sound]
'GYNIProof.gyniValue_eq' depends on axioms: [propext, Classical.choice, Quot.sound]
'GYNIProof.cert_1_1' depends on axioms: [propext, Classical.choice, Quot.sound]
'GYNIProof.cert_0_1' depends on axioms: [propext, Classical.choice, Quot.sound]
'GYNIProof.blockPSD_le' depends on axioms: [propext, Classical.choice, Quot.sound]
'GYNIProof.Wc_posSemidef' depends on axioms: [propext, Classical.choice, Quot.sound]
'GYNIProof.Wc_isProcess' depends on axioms: [propext, Classical.choice, Quot.sound]
'GYNIProof.gyni_lower_bound_exact_of_bigBlocks' depends on axioms: [propext, Classical.choice, Quot.sound]
'GYNIProof.gyni_lower_bound_of_bigBlocks' depends on axioms: [propext, Classical.choice, Quot.sound]
'GYNIProof.gyni_beats_previous_of_bigBlocks' depends on axioms: [propext, Classical.choice, Quot.sound]
   RESULT GYNIProof/Axioms.lean: exit=0 wall=36.6s peakWS=3,272MB peakPrivate=8,747MB (attempt 1)
== forbidden keywords (sorry/admit/axiom/native_decide) in GYNIProof/**/*.lean:
none
== check.sh done: 2872 s
