== GYNIProof/Big/D_0_0_0.lean  (start 19:28:12)
   RESULT GYNIProof/Big/D_0_0_0.lean: exit=0 wall=6.7s peakWS=486MB peakPrivate=708MB (attempt 1)
== GYNIProof/Big/D_0_0_1.lean  (start 19:28:21)
   RESULT GYNIProof/Big/D_0_0_1.lean: exit=0 wall=7.2s peakWS=501MB peakPrivate=706MB (attempt 1)
== GYNIProof/Big/D_0_0_2.lean  (start 19:28:30)
   RESULT GYNIProof/Big/D_0_0_2.lean: exit=0 wall=8.4s peakWS=505MB peakPrivate=717MB (attempt 1)
== GYNIProof/Big/D_0_0_3.lean  (start 19:28:40)
   RESULT GYNIProof/Big/D_0_0_3.lean: exit=0 wall=7.7s peakWS=516MB peakPrivate=757MB (attempt 1)
== GYNIProof/Big/D_0_0_4.lean  (start 19:28:50)
   RESULT GYNIProof/Big/D_0_0_4.lean: exit=0 wall=7.2s peakWS=508MB peakPrivate=764MB (attempt 1)
== GYNIProof/Big/D_0_0_5.lean  (start 19:28:59)
   RESULT GYNIProof/Big/D_0_0_5.lean: exit=0 wall=8.3s peakWS=530MB peakPrivate=759MB (attempt 1)
== GYNIProof/Big/D_0_0_6.lean  (start 19:29:09)
   RESULT GYNIProof/Big/D_0_0_6.lean: exit=0 wall=8.4s peakWS=538MB peakPrivate=745MB (attempt 1)
== GYNIProof/Big/D_0_0_7.lean  (start 19:29:19)
   RESULT GYNIProof/Big/D_0_0_7.lean: exit=0 wall=7.1s peakWS=541MB peakPrivate=769MB (attempt 1)
== GYNIProof/Big/D_0_0_8.lean  (start 19:29:28)
   RESULT GYNIProof/Big/D_0_0_8.lean: exit=0 wall=9.5s peakWS=577MB peakPrivate=777MB (attempt 1)
== GYNIProof/Big/D_0_0_9.lean  (start 19:29:39)
   RESULT GYNIProof/Big/D_0_0_9.lean: exit=0 wall=8.8s peakWS=577MB peakPrivate=839MB (attempt 1)
== GYNIProof/Big/D_0_0_10.lean  (start 19:29:50)
   RESULT GYNIProof/Big/D_0_0_10.lean: exit=0 wall=7.7s peakWS=584MB peakPrivate=797MB (attempt 1)
== GYNIProof/Big/D_0_0_11.lean  (start 19:30:00)
   RESULT GYNIProof/Big/D_0_0_11.lean: exit=0 wall=8.4s peakWS=583MB peakPrivate=782MB (attempt 1)
== GYNIProof/Big/D_0_0_12.lean  (start 19:30:10)
   RESULT GYNIProof/Big/D_0_0_12.lean: exit=0 wall=8.9s peakWS=605MB peakPrivate=827MB (attempt 1)
== GYNIProof/Big/D_0_0_13.lean  (start 19:30:21)
   RESULT GYNIProof/Big/D_0_0_13.lean: exit=0 wall=8.9s peakWS=615MB peakPrivate=851MB (attempt 1)
== GYNIProof/Big/D_0_0_14.lean  (start 19:30:31)
   RESULT GYNIProof/Big/D_0_0_14.lean: exit=0 wall=8.4s peakWS=606MB peakPrivate=846MB (attempt 1)
== GYNIProof/Big/D_0_0_15.lean  (start 19:30:42)
   RESULT GYNIProof/Big/D_0_0_15.lean: exit=0 wall=8.9s peakWS=627MB peakPrivate=847MB (attempt 1)
== GYNIProof/Big/P_0_0.lean  (start 19:30:52)
   RESULT GYNIProof/Big/P_0_0.lean: exit=0 wall=12.7s peakWS=288MB peakPrivate=506MB (attempt 1)
== GYNIProof/CertBigShape_0_0.lean  (start 19:31:07)
   RESULT GYNIProof/CertBigShape_0_0.lean: exit=0 wall=48.6s peakWS=585MB peakPrivate=1,034MB (attempt 1)
== GYNIProof/CertBigCols_0_0_0.lean  (start 19:31:58)
   RESULT GYNIProof/CertBigCols_0_0_0.lean: exit=0 wall=3.9s peakWS=242MB peakPrivate=493MB (attempt 1)
== GYNIProof/CertBigCols_0_0_1.lean  (start 19:32:03)
   RESULT GYNIProof/CertBigCols_0_0_1.lean: exit=0 wall=5.1s peakWS=335MB peakPrivate=485MB (attempt 1)
== GYNIProof/CertBigCols_0_0_2.lean  (start 19:32:11)
   RESULT GYNIProof/CertBigCols_0_0_2.lean: exit=0 wall=4.5s peakWS=274MB peakPrivate=534MB (attempt 1)
== GYNIProof/CertBigCols_0_0_3.lean  (start 19:32:17)
   RESULT GYNIProof/CertBigCols_0_0_3.lean: exit=0 wall=3.9s peakWS=237MB peakPrivate=492MB (attempt 1)
== GYNIProof/CertBigCols_0_0_4.lean  (start 19:32:23)
   RESULT GYNIProof/CertBigCols_0_0_4.lean: exit=0 wall=4.0s peakWS=338MB peakPrivate=600MB (attempt 1)
== GYNIProof/CertBigCols_0_0_5.lean  (start 19:32:28)
   RESULT GYNIProof/CertBigCols_0_0_5.lean: exit=0 wall=3.4s peakWS=256MB peakPrivate=535MB (attempt 1)
== GYNIProof/CertBigCols_0_0_6.lean  (start 19:32:34)
   RESULT GYNIProof/CertBigCols_0_0_6.lean: exit=0 wall=3.9s peakWS=266MB peakPrivate=537MB (attempt 1)
== GYNIProof/CertBigCols_0_0_7.lean  (start 19:32:39)
   RESULT GYNIProof/CertBigCols_0_0_7.lean: exit=0 wall=4.5s peakWS=317MB peakPrivate=570MB (attempt 1)
== GYNIProof/CertBigCols_0_0_8.lean  (start 19:32:46)
   RESULT GYNIProof/CertBigCols_0_0_8.lean: exit=0 wall=4.0s peakWS=358MB peakPrivate=603MB (attempt 1)
== GYNIProof/CertBigCols_0_0_9.lean  (start 19:32:51)
   RESULT GYNIProof/CertBigCols_0_0_9.lean: exit=0 wall=4.4s peakWS=306MB peakPrivate=572MB (attempt 1)
== GYNIProof/CertBigCols_0_0_10.lean  (start 19:32:58)
   RESULT GYNIProof/CertBigCols_0_0_10.lean: exit=0 wall=5.0s peakWS=369MB peakPrivate=636MB (attempt 1)
== GYNIProof/CertBigCols_0_0_11.lean  (start 19:33:05)
   RESULT GYNIProof/CertBigCols_0_0_11.lean: exit=0 wall=5.0s peakWS=361MB peakPrivate=637MB (attempt 1)
== GYNIProof/CertBigCols_0_0_12.lean  (start 19:33:12)
   RESULT GYNIProof/CertBigCols_0_0_12.lean: exit=0 wall=5.0s peakWS=378MB peakPrivate=638MB (attempt 1)
== GYNIProof/CertBigCols_0_0_13.lean  (start 19:33:19)
   RESULT GYNIProof/CertBigCols_0_0_13.lean: exit=0 wall=5.6s peakWS=353MB peakPrivate=606MB (attempt 1)
== GYNIProof/CertBigCols_0_0_14.lean  (start 19:33:26)
   RESULT GYNIProof/CertBigCols_0_0_14.lean: exit=0 wall=5.0s peakWS=388MB peakPrivate=636MB (attempt 1)
== GYNIProof/CertBigCols_0_0_15.lean  (start 19:33:33)
   RESULT GYNIProof/CertBigCols_0_0_15.lean: exit=0 wall=5.6s peakWS=388MB peakPrivate=640MB (attempt 1)
== GYNIProof/CertBigComb_0_0.lean  (start 19:33:41)
   RESULT GYNIProof/CertBigComb_0_0.lean: exit=0 wall=9.9s peakWS=436MB peakPrivate=937MB (attempt 1)
== GYNIProof/CertBigRows_0_0_0.lean  (start 19:33:53)
   RESULT GYNIProof/CertBigRows_0_0_0.lean: exit=0 wall=41.9s peakWS=1,217MB peakPrivate=1,490MB (attempt 1)
== GYNIProof/CertBigRows_0_0_1.lean  (start 19:34:36)
   RESULT GYNIProof/CertBigRows_0_0_1.lean: exit=0 wall=18.7s peakWS=1,232MB peakPrivate=1,486MB (attempt 1)
== GYNIProof/CertBigRows_0_0_2.lean  (start 19:34:57)
   RESULT GYNIProof/CertBigRows_0_0_2.lean: exit=0 wall=28.6s peakWS=1,259MB peakPrivate=1,524MB (attempt 1)
== GYNIProof/CertBigRows_0_0_3.lean  (start 19:35:28)
   RESULT GYNIProof/CertBigRows_0_0_3.lean: exit=0 wall=16.6s peakWS=1,270MB peakPrivate=1,536MB (attempt 1)
== GYNIProof/CertBigRows_0_0_4.lean  (start 19:35:46)
   RESULT GYNIProof/CertBigRows_0_0_4.lean: exit=0 wall=30.5s peakWS=1,293MB peakPrivate=1,570MB (attempt 1)
== GYNIProof/CertBigRows_0_0_5.lean  (start 19:36:18)
   RESULT GYNIProof/CertBigRows_0_0_5.lean: exit=0 wall=18.2s peakWS=1,298MB peakPrivate=1,574MB (attempt 1)
== GYNIProof/CertBigRows_0_0_6.lean  (start 19:36:38)
   RESULT GYNIProof/CertBigRows_0_0_6.lean: exit=0 wall=44.9s peakWS=1,326MB peakPrivate=1,583MB (attempt 1)
== GYNIProof/CertBigRows_0_0_7.lean  (start 19:37:25)
   RESULT GYNIProof/CertBigRows_0_0_7.lean: exit=0 wall=33.2s peakWS=1,341MB peakPrivate=1,608MB (attempt 1)
== GYNIProof/CertBigRows_0_0_8.lean  (start 19:38:00)
   RESULT GYNIProof/CertBigRows_0_0_8.lean: exit=0 wall=34.9s peakWS=1,356MB peakPrivate=1,622MB (attempt 1)
== GYNIProof/CertBigRows_0_0_9.lean  (start 19:38:37)
   RESULT GYNIProof/CertBigRows_0_0_9.lean: exit=0 wall=32.3s peakWS=1,366MB peakPrivate=1,628MB (attempt 1)
== GYNIProof/CertBigRows_0_0_10.lean  (start 19:39:11)
   RESULT GYNIProof/CertBigRows_0_0_10.lean: exit=0 wall=22.8s peakWS=1,375MB peakPrivate=1,651MB (attempt 1)
== GYNIProof/CertBigRows_0_0_11.lean  (start 19:39:36)
   RESULT GYNIProof/CertBigRows_0_0_11.lean: exit=0 wall=28.8s peakWS=1,394MB peakPrivate=1,665MB (attempt 1)
== GYNIProof/CertBigRows_0_0_12.lean  (start 19:40:07)
   RESULT GYNIProof/CertBigRows_0_0_12.lean: exit=0 wall=35.9s peakWS=1,412MB peakPrivate=1,667MB (attempt 1)
== GYNIProof/CertBigRows_0_0_13.lean  (start 19:40:45)
   RESULT GYNIProof/CertBigRows_0_0_13.lean: exit=0 wall=23.6s peakWS=1,421MB peakPrivate=1,691MB (attempt 1)
== GYNIProof/CertBigRows_0_0_14.lean  (start 19:41:10)
   RESULT GYNIProof/CertBigRows_0_0_14.lean: exit=0 wall=19.2s peakWS=1,435MB peakPrivate=1,701MB (attempt 1)
== GYNIProof/CertBigRows_0_0_15.lean  (start 19:41:31)
   RESULT GYNIProof/CertBigRows_0_0_15.lean: exit=0 wall=31.8s peakWS=1,456MB peakPrivate=1,726MB (attempt 1)
== GYNIProof/CertBig_0_0.lean  (start 19:42:05)
   RESULT GYNIProof/CertBig_0_0.lean: exit=0 wall=29.0s peakWS=3,464MB peakPrivate=8,306MB (attempt 1)
== GYNIProof/Big/D_0_13_0.lean  (start 19:42:36)
   RESULT GYNIProof/Big/D_0_13_0.lean: exit=0 wall=6.7s peakWS=482MB peakPrivate=714MB (attempt 1)
== GYNIProof/Big/D_0_13_1.lean  (start 19:42:44)
   RESULT GYNIProof/Big/D_0_13_1.lean: exit=0 wall=7.7s peakWS=508MB peakPrivate=738MB (attempt 1)
== GYNIProof/Big/D_0_13_2.lean  (start 19:42:54)
   RESULT GYNIProof/Big/D_0_13_2.lean: exit=0 wall=7.7s peakWS=513MB peakPrivate=728MB (attempt 1)
== GYNIProof/Big/D_0_13_3.lean  (start 19:43:04)
   RESULT GYNIProof/Big/D_0_13_3.lean: exit=0 wall=7.2s peakWS=515MB peakPrivate=734MB (attempt 1)
== GYNIProof/Big/D_0_13_4.lean  (start 19:43:13)
   RESULT GYNIProof/Big/D_0_13_4.lean: exit=0 wall=7.9s peakWS=518MB peakPrivate=741MB (attempt 1)
== GYNIProof/Big/D_0_13_5.lean  (start 19:43:22)
   RESULT GYNIProof/Big/D_0_13_5.lean: exit=0 wall=7.9s peakWS=526MB peakPrivate=752MB (attempt 1)
== GYNIProof/Big/D_0_13_6.lean  (start 19:43:32)
   RESULT GYNIProof/Big/D_0_13_6.lean: exit=0 wall=7.2s peakWS=537MB peakPrivate=756MB (attempt 1)
== GYNIProof/Big/D_0_13_7.lean  (start 19:43:41)
   RESULT GYNIProof/Big/D_0_13_7.lean: exit=0 wall=7.3s peakWS=535MB peakPrivate=763MB (attempt 1)
== GYNIProof/Big/D_0_13_8.lean  (start 19:43:50)
   RESULT GYNIProof/Big/D_0_13_8.lean: exit=0 wall=7.8s peakWS=577MB peakPrivate=781MB (attempt 1)
== GYNIProof/Big/D_0_13_9.lean  (start 19:44:00)
   RESULT GYNIProof/Big/D_0_13_9.lean: exit=0 wall=7.7s peakWS=588MB peakPrivate=801MB (attempt 1)
== GYNIProof/Big/D_0_13_10.lean  (start 19:44:09)
   RESULT GYNIProof/Big/D_0_13_10.lean: exit=0 wall=8.4s peakWS=583MB peakPrivate=823MB (attempt 1)
== GYNIProof/Big/D_0_13_11.lean  (start 19:44:19)
   RESULT GYNIProof/Big/D_0_13_11.lean: exit=0 wall=8.4s peakWS=590MB peakPrivate=833MB (attempt 1)
== GYNIProof/Big/D_0_13_12.lean  (start 19:44:30)
   RESULT GYNIProof/Big/D_0_13_12.lean: exit=0 wall=8.3s peakWS=603MB peakPrivate=870MB (attempt 1)
== GYNIProof/Big/D_0_13_13.lean  (start 19:44:40)
   RESULT GYNIProof/Big/D_0_13_13.lean: exit=0 wall=8.8s peakWS=615MB peakPrivate=837MB (attempt 1)
== GYNIProof/Big/D_0_13_14.lean  (start 19:44:50)
   RESULT GYNIProof/Big/D_0_13_14.lean: exit=0 wall=9.0s peakWS=612MB peakPrivate=830MB (attempt 1)
== GYNIProof/Big/D_0_13_15.lean  (start 19:45:01)
   RESULT GYNIProof/Big/D_0_13_15.lean: exit=0 wall=8.9s peakWS=617MB peakPrivate=852MB (attempt 1)
== GYNIProof/Big/P_0_13.lean  (start 19:45:12)
   RESULT GYNIProof/Big/P_0_13.lean: exit=0 wall=10.5s peakWS=287MB peakPrivate=512MB (attempt 1)
== GYNIProof/CertBigShape_0_13.lean  (start 19:45:24)
   RESULT GYNIProof/CertBigShape_0_13.lean: exit=0 wall=47.9s peakWS=605MB peakPrivate=1,039MB (attempt 1)
== GYNIProof/CertBigCols_0_13_0.lean  (start 19:46:14)
   RESULT GYNIProof/CertBigCols_0_13_0.lean: exit=0 wall=3.9s peakWS=319MB peakPrivate=565MB (attempt 1)
== GYNIProof/CertBigCols_0_13_1.lean  (start 19:46:20)
   RESULT GYNIProof/CertBigCols_0_13_1.lean: exit=0 wall=4.5s peakWS=314MB peakPrivate=566MB (attempt 1)
== GYNIProof/CertBigCols_0_13_2.lean  (start 19:46:26)
   RESULT GYNIProof/CertBigCols_0_13_2.lean: exit=0 wall=4.0s peakWS=231MB peakPrivate=486MB (attempt 1)
== GYNIProof/CertBigCols_0_13_3.lean  (start 19:46:32)
   RESULT GYNIProof/CertBigCols_0_13_3.lean: exit=0 wall=4.5s peakWS=329MB peakPrivate=599MB (attempt 1)
== GYNIProof/CertBigCols_0_13_4.lean  (start 19:46:38)
   RESULT GYNIProof/CertBigCols_0_13_4.lean: exit=0 wall=4.4s peakWS=336MB peakPrivate=601MB (attempt 1)
== GYNIProof/CertBigCols_0_13_5.lean  (start 19:46:45)
   RESULT GYNIProof/CertBigCols_0_13_5.lean: exit=0 wall=4.5s peakWS=342MB peakPrivate=586MB (attempt 1)
== GYNIProof/CertBigCols_0_13_6.lean  (start 19:46:51)
   RESULT GYNIProof/CertBigCols_0_13_6.lean: exit=0 wall=4.5s peakWS=316MB peakPrivate=570MB (attempt 1)
== GYNIProof/CertBigCols_0_13_7.lean  (start 19:46:57)
   RESULT GYNIProof/CertBigCols_0_13_7.lean: exit=0 wall=4.5s peakWS=313MB peakPrivate=570MB (attempt 1)
== GYNIProof/CertBigCols_0_13_8.lean  (start 19:47:04)
   RESULT GYNIProof/CertBigCols_0_13_8.lean: exit=0 wall=4.5s peakWS=321MB peakPrivate=571MB (attempt 1)
== GYNIProof/CertBigCols_0_13_9.lean  (start 19:47:10)
   RESULT GYNIProof/CertBigCols_0_13_9.lean: exit=0 wall=3.8s peakWS=357MB peakPrivate=604MB (attempt 1)
== GYNIProof/CertBigCols_0_13_10.lean  (start 19:47:16)
   RESULT GYNIProof/CertBigCols_0_13_10.lean: exit=0 wall=4.4s peakWS=328MB peakPrivate=604MB (attempt 1)
== GYNIProof/CertBigCols_0_13_11.lean  (start 19:47:22)
   RESULT GYNIProof/CertBigCols_0_13_11.lean: exit=0 wall=4.4s peakWS=360MB peakPrivate=638MB (attempt 1)
== GYNIProof/CertBigCols_0_13_12.lean  (start 19:47:28)
   RESULT GYNIProof/CertBigCols_0_13_12.lean: exit=0 wall=4.5s peakWS=376MB peakPrivate=638MB (attempt 1)
== GYNIProof/CertBigCols_0_13_13.lean  (start 19:47:35)
   RESULT GYNIProof/CertBigCols_0_13_13.lean: exit=0 wall=5.0s peakWS=375MB peakPrivate=638MB (attempt 1)
== GYNIProof/CertBigCols_0_13_14.lean  (start 19:47:42)
   RESULT GYNIProof/CertBigCols_0_13_14.lean: exit=0 wall=5.0s peakWS=387MB peakPrivate=639MB (attempt 1)
== GYNIProof/CertBigCols_0_13_15.lean  (start 19:47:49)
   RESULT GYNIProof/CertBigCols_0_13_15.lean: exit=0 wall=5.0s peakWS=394MB peakPrivate=672MB (attempt 1)
== GYNIProof/CertBigComb_0_13.lean  (start 19:47:56)
   RESULT GYNIProof/CertBigComb_0_13.lean: exit=0 wall=7.8s peakWS=436MB peakPrivate=935MB (attempt 1)
== GYNIProof/CertBigRows_0_13_0.lean  (start 19:48:05)
   RESULT GYNIProof/CertBigRows_0_13_0.lean: exit=0 wall=40.4s peakWS=1,225MB peakPrivate=1,498MB (attempt 1)
== GYNIProof/CertBigRows_0_13_1.lean  (start 19:48:47)
   RESULT GYNIProof/CertBigRows_0_13_1.lean: exit=0 wall=40.5s peakWS=1,248MB peakPrivate=1,529MB (attempt 1)
== GYNIProof/CertBigRows_0_13_2.lean  (start 19:49:30)
   RESULT GYNIProof/CertBigRows_0_13_2.lean: exit=0 wall=60.4s peakWS=1,271MB peakPrivate=1,539MB (attempt 1)
== GYNIProof/CertBigRows_0_13_3.lean  (start 19:50:33)
   RESULT GYNIProof/CertBigRows_0_13_3.lean: exit=0 wall=25.7s peakWS=1,263MB peakPrivate=1,527MB (attempt 1)
== GYNIProof/CertBigRows_0_13_4.lean  (start 19:51:01)
   RESULT GYNIProof/CertBigRows_0_13_4.lean: exit=0 wall=52.5s peakWS=1,300MB peakPrivate=1,575MB (attempt 1)
== GYNIProof/CertBigRows_0_13_5.lean  (start 19:51:57)
   RESULT GYNIProof/CertBigRows_0_13_5.lean: exit=0 wall=33.9s peakWS=1,308MB peakPrivate=1,578MB (attempt 1)
== GYNIProof/CertBigRows_0_13_6.lean  (start 19:52:33)
   RESULT GYNIProof/CertBigRows_0_13_6.lean: exit=0 wall=84.5s peakWS=1,334MB peakPrivate=1,613MB (attempt 1)
== GYNIProof/CertBigRows_0_13_7.lean  (start 19:54:00)
   RESULT GYNIProof/CertBigRows_0_13_7.lean: exit=0 wall=45.3s peakWS=1,344MB peakPrivate=1,620MB (attempt 1)
== GYNIProof/CertBigRows_0_13_8.lean  (start 19:54:48)
   RESULT GYNIProof/CertBigRows_0_13_8.lean: exit=0 wall=56.2s peakWS=1,357MB peakPrivate=1,622MB (attempt 1)
== GYNIProof/CertBigRows_0_13_9.lean  (start 19:55:47)
   RESULT GYNIProof/CertBigRows_0_13_9.lean: exit=0 wall=49.8s peakWS=1,373MB peakPrivate=1,627MB (attempt 1)
== GYNIProof/CertBigRows_0_13_10.lean  (start 19:56:40)
   RESULT GYNIProof/CertBigRows_0_13_10.lean: exit=0 wall=38.0s peakWS=1,385MB peakPrivate=1,661MB (attempt 1)
== GYNIProof/CertBigRows_0_13_11.lean  (start 19:57:21)
   RESULT GYNIProof/CertBigRows_0_13_11.lean: exit=0 wall=39.3s peakWS=1,397MB peakPrivate=1,662MB (attempt 1)
== GYNIProof/CertBigRows_0_13_12.lean  (start 19:58:03)
   RESULT GYNIProof/CertBigRows_0_13_12.lean: exit=0 wall=60.4s peakWS=1,419MB peakPrivate=1,696MB (attempt 1)
== GYNIProof/CertBigRows_0_13_13.lean  (start 19:59:06)
   RESULT GYNIProof/CertBigRows_0_13_13.lean: exit=0 wall=38.0s peakWS=1,433MB peakPrivate=1,705MB (attempt 1)
== GYNIProof/CertBigRows_0_13_14.lean  (start 19:59:47)
   RESULT GYNIProof/CertBigRows_0_13_14.lean: exit=0 wall=31.0s peakWS=1,443MB peakPrivate=1,700MB (attempt 1)
== GYNIProof/CertBigRows_0_13_15.lean  (start 20:00:21)
   RESULT GYNIProof/CertBigRows_0_13_15.lean: exit=0 wall=70.6s peakWS=1,471MB peakPrivate=1,745MB (attempt 1)
== GYNIProof/CertBig_0_13.lean  (start 20:01:34)
   RESULT GYNIProof/CertBig_0_13.lean: exit=0 wall=151.7s peakWS=3,453MB peakPrivate=8,287MB (attempt 1)
== GYNIProof/Big/D_13_13_0.lean  (start 20:04:09)
   RESULT GYNIProof/Big/D_13_13_0.lean: exit=0 wall=17.2s peakWS=483MB peakPrivate=702MB (attempt 1)
== GYNIProof/Big/D_13_13_1.lean  (start 20:04:29)
   RESULT GYNIProof/Big/D_13_13_1.lean: exit=0 wall=17.1s peakWS=503MB peakPrivate=690MB (attempt 1)
== GYNIProof/Big/D_13_13_2.lean  (start 20:04:49)
   RESULT GYNIProof/Big/D_13_13_2.lean: exit=0 wall=17.2s peakWS=504MB peakPrivate=719MB (attempt 1)
== GYNIProof/Big/D_13_13_3.lean  (start 20:05:09)
   RESULT GYNIProof/Big/D_13_13_3.lean: exit=0 wall=17.2s peakWS=515MB peakPrivate=740MB (attempt 1)
== GYNIProof/Big/D_13_13_4.lean  (start 20:05:29)
   RESULT GYNIProof/Big/D_13_13_4.lean: exit=0 wall=17.1s peakWS=520MB peakPrivate=731MB (attempt 1)
== GYNIProof/Big/D_13_13_5.lean  (start 20:05:48)
   RESULT GYNIProof/Big/D_13_13_5.lean: exit=0 wall=17.3s peakWS=519MB peakPrivate=726MB (attempt 1)
== GYNIProof/Big/D_13_13_6.lean  (start 20:06:09)
   RESULT GYNIProof/Big/D_13_13_6.lean: exit=0 wall=17.1s peakWS=533MB peakPrivate=751MB (attempt 1)
== GYNIProof/Big/D_13_13_7.lean  (start 20:06:28)
   RESULT GYNIProof/Big/D_13_13_7.lean: exit=0 wall=17.8s peakWS=531MB peakPrivate=744MB (attempt 1)
== GYNIProof/Big/D_13_13_8.lean  (start 20:06:49)
   RESULT GYNIProof/Big/D_13_13_8.lean: exit=0 wall=17.1s peakWS=576MB peakPrivate=762MB (attempt 1)
== GYNIProof/Big/D_13_13_9.lean  (start 20:07:09)
   RESULT GYNIProof/Big/D_13_13_9.lean: exit=0 wall=17.7s peakWS=584MB peakPrivate=801MB (attempt 1)
== GYNIProof/Big/D_13_13_10.lean  (start 20:07:29)
   RESULT GYNIProof/Big/D_13_13_10.lean: exit=0 wall=16.6s peakWS=591MB peakPrivate=817MB (attempt 1)
== GYNIProof/Big/D_13_13_11.lean  (start 20:07:49)
   RESULT GYNIProof/Big/D_13_13_11.lean: exit=0 wall=16.5s peakWS=590MB peakPrivate=792MB (attempt 1)
== GYNIProof/Big/D_13_13_12.lean  (start 20:08:08)
   RESULT GYNIProof/Big/D_13_13_12.lean: exit=0 wall=16.5s peakWS=590MB peakPrivate=824MB (attempt 1)
== GYNIProof/Big/D_13_13_13.lean  (start 20:08:27)
   RESULT GYNIProof/Big/D_13_13_13.lean: exit=0 wall=9.6s peakWS=600MB peakPrivate=823MB (attempt 1)
== GYNIProof/Big/D_13_13_14.lean  (start 20:08:39)
   RESULT GYNIProof/Big/D_13_13_14.lean: exit=0 wall=17.1s peakWS=619MB peakPrivate=814MB (attempt 1)
== GYNIProof/Big/D_13_13_15.lean  (start 20:08:59)
   RESULT GYNIProof/Big/D_13_13_15.lean: exit=0 wall=17.6s peakWS=613MB peakPrivate=813MB (attempt 1)
== GYNIProof/Big/P_13_13.lean  (start 20:09:19)
   RESULT GYNIProof/Big/P_13_13.lean: exit=0 wall=26.9s peakWS=295MB peakPrivate=521MB (attempt 1)
== GYNIProof/CertBigShape_13_13.lean  (start 20:09:49)
   RESULT GYNIProof/CertBigShape_13_13.lean: exit=0 wall=70.7s peakWS=605MB peakPrivate=1,038MB (attempt 1)
== GYNIProof/CertBigCols_13_13_0.lean  (start 20:11:02)
   RESULT GYNIProof/CertBigCols_13_13_0.lean: exit=0 wall=7.4s peakWS=286MB peakPrivate=533MB (attempt 1)
== GYNIProof/CertBigCols_13_13_1.lean  (start 20:11:12)
   RESULT GYNIProof/CertBigCols_13_13_1.lean: exit=0 wall=8.0s peakWS=255MB peakPrivate=532MB (attempt 1)
== GYNIProof/CertBigCols_13_13_2.lean  (start 20:11:23)
   RESULT GYNIProof/CertBigCols_13_13_2.lean: exit=0 wall=7.4s peakWS=329MB peakPrivate=599MB (attempt 1)
== GYNIProof/CertBigCols_13_13_3.lean  (start 20:11:33)
   RESULT GYNIProof/CertBigCols_13_13_3.lean: exit=0 wall=7.4s peakWS=303MB peakPrivate=568MB (attempt 1)
== GYNIProof/CertBigCols_13_13_4.lean  (start 20:11:43)
   RESULT GYNIProof/CertBigCols_13_13_4.lean: exit=0 wall=8.0s peakWS=288MB peakPrivate=537MB (attempt 1)
== GYNIProof/CertBigCols_13_13_5.lean  (start 20:11:54)
   RESULT GYNIProof/CertBigCols_13_13_5.lean: exit=0 wall=7.4s peakWS=314MB peakPrivate=568MB (attempt 1)
== GYNIProof/CertBigCols_13_13_6.lean  (start 20:12:04)
   RESULT GYNIProof/CertBigCols_13_13_6.lean: exit=0 wall=7.9s peakWS=304MB peakPrivate=570MB (attempt 1)
== GYNIProof/CertBigCols_13_13_7.lean  (start 20:12:14)
   RESULT GYNIProof/CertBigCols_13_13_7.lean: exit=0 wall=8.0s peakWS=352MB peakPrivate=602MB (attempt 1)
== GYNIProof/CertBigCols_13_13_8.lean  (start 20:12:25)
   RESULT GYNIProof/CertBigCols_13_13_8.lean: exit=0 wall=7.5s peakWS=334MB peakPrivate=603MB (attempt 1)
== GYNIProof/CertBigCols_13_13_9.lean  (start 20:12:35)
   RESULT GYNIProof/CertBigCols_13_13_9.lean: exit=0 wall=8.5s peakWS=339MB peakPrivate=604MB (attempt 1)
== GYNIProof/CertBigCols_13_13_10.lean  (start 20:12:46)
   RESULT GYNIProof/CertBigCols_13_13_10.lean: exit=0 wall=8.0s peakWS=368MB peakPrivate=637MB (attempt 1)
== GYNIProof/CertBigCols_13_13_11.lean  (start 20:12:57)
   RESULT GYNIProof/CertBigCols_13_13_11.lean: exit=0 wall=8.5s peakWS=356MB peakPrivate=605MB (attempt 1)
== GYNIProof/CertBigCols_13_13_12.lean  (start 20:13:08)
   RESULT GYNIProof/CertBigCols_13_13_12.lean: exit=0 wall=8.5s peakWS=366MB peakPrivate=638MB (attempt 1)
== GYNIProof/CertBigCols_13_13_13.lean  (start 20:13:19)
   RESULT GYNIProof/CertBigCols_13_13_13.lean: exit=0 wall=8.5s peakWS=384MB peakPrivate=639MB (attempt 1)
== GYNIProof/CertBigCols_13_13_14.lean  (start 20:13:30)
   RESULT GYNIProof/CertBigCols_13_13_14.lean: exit=0 wall=8.5s peakWS=389MB peakPrivate=639MB (attempt 1)
== GYNIProof/CertBigCols_13_13_15.lean  (start 20:13:41)
   RESULT GYNIProof/CertBigCols_13_13_15.lean: exit=0 wall=8.7s peakWS=393MB peakPrivate=672MB (attempt 1)
== GYNIProof/CertBigComb_13_13.lean  (start 20:13:52)
   RESULT GYNIProof/CertBigComb_13_13.lean: exit=0 wall=14.3s peakWS=436MB peakPrivate=935MB (attempt 1)
== GYNIProof/CertBigRows_13_13_0.lean  (start 20:14:09)
   RESULT GYNIProof/CertBigRows_13_13_0.lean: exit=0 wall=24.5s peakWS=1,203MB peakPrivate=1,453MB (attempt 1)
== GYNIProof/CertBigRows_13_13_1.lean  (start 20:14:37)
   RESULT GYNIProof/CertBigRows_13_13_1.lean: exit=0 wall=35.4s peakWS=1,244MB peakPrivate=1,496MB (attempt 1)
== GYNIProof/CertBigRows_13_13_2.lean  (start 20:15:15)
   RESULT GYNIProof/CertBigRows_13_13_2.lean: exit=0 wall=20.5s peakWS=1,244MB peakPrivate=1,514MB (attempt 1)
== GYNIProof/CertBigRows_13_13_3.lean  (start 20:15:38)
   RESULT GYNIProof/CertBigRows_13_13_3.lean: exit=0 wall=19.9s peakWS=1,253MB peakPrivate=1,521MB (attempt 1)
== GYNIProof/CertBigRows_13_13_4.lean  (start 20:16:00)
   RESULT GYNIProof/CertBigRows_13_13_4.lean: exit=0 wall=24.5s peakWS=1,282MB peakPrivate=1,534MB (attempt 1)
== GYNIProof/CertBigRows_13_13_5.lean  (start 20:16:27)
   RESULT GYNIProof/CertBigRows_13_13_5.lean: exit=0 wall=316.1s peakWS=1,290MB peakPrivate=1,554MB (attempt 1)
== GYNIProof/CertBigRows_13_13_6.lean  (start 20:21:46)
   RESULT GYNIProof/CertBigRows_13_13_6.lean: exit=0 wall=53.9s peakWS=1,325MB peakPrivate=1,584MB (attempt 1)
== GYNIProof/CertBigRows_13_13_7.lean  (start 20:22:42)
   RESULT GYNIProof/CertBigRows_13_13_7.lean: exit=0 wall=49.2s peakWS=1,339MB peakPrivate=1,615MB (attempt 1)
== GYNIProof/CertBigRows_13_13_8.lean  (start 20:23:34)
   RESULT GYNIProof/CertBigRows_13_13_8.lean: exit=0 wall=48.9s peakWS=1,347MB peakPrivate=1,620MB (attempt 1)
== GYNIProof/CertBigRows_13_13_9.lean  (start 20:24:26)
   RESULT GYNIProof/CertBigRows_13_13_9.lean: exit=0 wall=69.2s peakWS=1,373MB peakPrivate=1,630MB (attempt 1)
== GYNIProof/CertBigRows_13_13_10.lean  (start 20:25:37)
   RESULT GYNIProof/CertBigRows_13_13_10.lean: exit=0 wall=27.7s peakWS=1,364MB peakPrivate=1,618MB (attempt 1)
== GYNIProof/CertBigRows_13_13_11.lean  (start 20:26:08)
   RESULT GYNIProof/CertBigRows_13_13_11.lean: exit=0 wall=33.3s peakWS=1,394MB peakPrivate=1,663MB (attempt 1)
== GYNIProof/CertBigRows_13_13_12.lean  (start 20:26:44)
   RESULT GYNIProof/CertBigRows_13_13_12.lean: exit=0 wall=74.3s peakWS=1,412MB peakPrivate=1,666MB (attempt 1)
== GYNIProof/CertBigRows_13_13_13.lean  (start 20:28:00)
   RESULT GYNIProof/CertBigRows_13_13_13.lean: exit=0 wall=51.8s peakWS=1,426MB peakPrivate=1,693MB (attempt 1)
== GYNIProof/CertBigRows_13_13_14.lean  (start 20:28:55)
   RESULT GYNIProof/CertBigRows_13_13_14.lean: exit=0 wall=27.3s peakWS=1,424MB peakPrivate=1,680MB (attempt 1)
== GYNIProof/CertBigRows_13_13_15.lean  (start 20:29:25)
   RESULT GYNIProof/CertBigRows_13_13_15.lean: exit=0 wall=83.9s peakWS=1,466MB peakPrivate=1,737MB (attempt 1)
== GYNIProof/CertBig_13_13.lean  (start 20:30:52)
   RESULT GYNIProof/CertBig_13_13.lean: exit=0 wall=124.5s peakWS=3,456MB peakPrivate=8,275MB (attempt 1)
== GYNIProof/Main.lean  (start 20:32:59)
   RESULT GYNIProof/Main.lean: exit=0 wall=53.8s peakWS=3,558MB peakPrivate=9,570MB (attempt 1)
== GYNIProof/AxiomsMain.lean  (start 20:33:55)
'GYNIProof.cert_0_0' depends on axioms: [propext, Classical.choice, Quot.sound]
'GYNIProof.cert_0_13' depends on axioms: [propext, Classical.choice, Quot.sound]
'GYNIProof.cert_13_13' depends on axioms: [propext, Classical.choice, Quot.sound]
'GYNIProof.bigBlocksPSD' depends on axioms: [propext, Classical.choice, Quot.sound]
'GYNIProof.Wc_isProcess'' depends on axioms: [propext, Classical.choice, Quot.sound]
'GYNIProof.gyni_lower_bound_exact' depends on axioms: [propext, Classical.choice, Quot.sound]
'GYNIProof.gyni_lower_bound' depends on axioms: [propext, Classical.choice, Quot.sound]
'GYNIProof.gyni_lower_bound_beats_previous' depends on axioms: [propext, Classical.choice, Quot.sound]
   RESULT GYNIProof/AxiomsMain.lean: exit=0 wall=63.2s peakWS=3,336MB peakPrivate=9,544MB (attempt 1)
== forbidden keywords (sorry/admit/axiom/native_decide) in GYNIProof/**/*.lean:
none
== check_big.sh done: 4010 s
